Archive member included to satisfy reference by file (symbol)

/usr/lib/gcc/avr/6.3.0/../../../../avr/lib/avr5/libm.a(divsf3.o)
                              envoiID_test.o (__divsf3)
/usr/lib/gcc/avr/6.3.0/../../../../avr/lib/avr5/libm.a(divsf3x.o)
                              /usr/lib/gcc/avr/6.3.0/../../../../avr/lib/avr5/libm.a(divsf3.o) (__divsf3x)
/usr/lib/gcc/avr/6.3.0/../../../../avr/lib/avr5/libm.a(fixunssfsi.o)
                              envoiID_test.o (__fixunssfsi)
/usr/lib/gcc/avr/6.3.0/../../../../avr/lib/avr5/libm.a(floatsisf.o)
                              envoiID_test.o (__floatunsisf)
/usr/lib/gcc/avr/6.3.0/../../../../avr/lib/avr5/libm.a(fp_inf.o)
                              /usr/lib/gcc/avr/6.3.0/../../../../avr/lib/avr5/libm.a(divsf3x.o) (__fp_inf)
/usr/lib/gcc/avr/6.3.0/../../../../avr/lib/avr5/libm.a(fp_nan.o)
                              /usr/lib/gcc/avr/6.3.0/../../../../avr/lib/avr5/libm.a(divsf3x.o) (__fp_nan)
/usr/lib/gcc/avr/6.3.0/../../../../avr/lib/avr5/libm.a(fp_pscA.o)
                              /usr/lib/gcc/avr/6.3.0/../../../../avr/lib/avr5/libm.a(divsf3x.o) (__fp_pscA)
/usr/lib/gcc/avr/6.3.0/../../../../avr/lib/avr5/libm.a(fp_pscB.o)
                              /usr/lib/gcc/avr/6.3.0/../../../../avr/lib/avr5/libm.a(divsf3x.o) (__fp_pscB)
/usr/lib/gcc/avr/6.3.0/../../../../avr/lib/avr5/libm.a(fp_round.o)
                              /usr/lib/gcc/avr/6.3.0/../../../../avr/lib/avr5/libm.a(divsf3.o) (__fp_round)
/usr/lib/gcc/avr/6.3.0/../../../../avr/lib/avr5/libm.a(fp_split3.o)
                              /usr/lib/gcc/avr/6.3.0/../../../../avr/lib/avr5/libm.a(divsf3x.o) (__fp_split3)
/usr/lib/gcc/avr/6.3.0/../../../../avr/lib/avr5/libm.a(fp_zero.o)
                              /usr/lib/gcc/avr/6.3.0/../../../../avr/lib/avr5/libm.a(fixunssfsi.o) (__fp_zero)
/usr/lib/gcc/avr/6.3.0/../../../../avr/lib/avr5/libm.a(pow.o)
                              envoiID_test.o (pow)
/usr/lib/gcc/avr/6.3.0/../../../../avr/lib/avr5/libm.a(round.o)
                              envoiID_test.o (round)
/usr/lib/gcc/avr/6.3.0/../../../../avr/lib/avr5/libm.a(exp.o)
                              /usr/lib/gcc/avr/6.3.0/../../../../avr/lib/avr5/libm.a(pow.o) (exp)
/usr/lib/gcc/avr/6.3.0/../../../../avr/lib/avr5/libm.a(fp_mintl.o)
                              /usr/lib/gcc/avr/6.3.0/../../../../avr/lib/avr5/libm.a(round.o) (__fp_mintl)
/usr/lib/gcc/avr/6.3.0/../../../../avr/lib/avr5/libm.a(fp_mpack.o)
                              /usr/lib/gcc/avr/6.3.0/../../../../avr/lib/avr5/libm.a(round.o) (__fp_mpack)
/usr/lib/gcc/avr/6.3.0/../../../../avr/lib/avr5/libm.a(fp_powser.o)
                              /usr/lib/gcc/avr/6.3.0/../../../../avr/lib/avr5/libm.a(exp.o) (__fp_powser)
/usr/lib/gcc/avr/6.3.0/../../../../avr/lib/avr5/libm.a(inverse.o)
                              /usr/lib/gcc/avr/6.3.0/../../../../avr/lib/avr5/libm.a(exp.o) (inverse)
/usr/lib/gcc/avr/6.3.0/../../../../avr/lib/avr5/libm.a(ldexp.o)
                              /usr/lib/gcc/avr/6.3.0/../../../../avr/lib/avr5/libm.a(exp.o) (ldexp)
/usr/lib/gcc/avr/6.3.0/../../../../avr/lib/avr5/libm.a(log.o)
                              /usr/lib/gcc/avr/6.3.0/../../../../avr/lib/avr5/libm.a(pow.o) (log)
/usr/lib/gcc/avr/6.3.0/../../../../avr/lib/avr5/libm.a(modf.o)
                              /usr/lib/gcc/avr/6.3.0/../../../../avr/lib/avr5/libm.a(exp.o) (modf)
/usr/lib/gcc/avr/6.3.0/../../../../avr/lib/avr5/libm.a(mulsf3.o)
                              /usr/lib/gcc/avr/6.3.0/../../../../avr/lib/avr5/libm.a(pow.o) (__mulsf3)
/usr/lib/gcc/avr/6.3.0/../../../../avr/lib/avr5/libm.a(mulsf3x.o)
                              /usr/lib/gcc/avr/6.3.0/../../../../avr/lib/avr5/libm.a(fp_powser.o) (__mulsf3x)
/usr/lib/gcc/avr/6.3.0/../../../../avr/lib/avr5/libm.a(addsf3.o)
                              /usr/lib/gcc/avr/6.3.0/../../../../avr/lib/avr5/libm.a(modf.o) (__subsf3)
/usr/lib/gcc/avr/6.3.0/../../../../avr/lib/avr5/libm.a(addsf3x.o)
                              /usr/lib/gcc/avr/6.3.0/../../../../avr/lib/avr5/libm.a(fp_powser.o) (__addsf3x)
../lib/mylib.a(can.o)         envoiID_test.o (_ZN3canC1Ev)
../lib/mylib.a(lumiereDel.o)  envoiID_test.o (_ZN10lumiereDelC1Ev)
../lib/mylib.a(UART.o)        envoiID_test.o (_ZN4UART18initialisationUARTEv)
../lib/mylib.a(capteurDistance.o)
                              envoiID_test.o (_ZN15capteurDistance13lireDetecteurEv)
/usr/lib/gcc/avr/6.3.0/avr5/libgcc.a(_exit.o)
                              /usr/lib/gcc/avr/6.3.0/../../../../avr/lib/avr5/crtatmega324pa.o (exit)
/usr/lib/gcc/avr/6.3.0/avr5/libgcc.a(_copy_data.o)
                              envoiID_test.o (__do_copy_data)
/usr/lib/gcc/avr/6.3.0/avr5/libgcc.a(_clear_bss.o)
                              envoiID_test.o (__do_clear_bss)
/usr/lib/gcc/avr/6.3.0/avr5/libgcc.a(_ctors.o)
                              envoiID_test.o (__do_global_ctors)
/usr/lib/gcc/avr/6.3.0/avr5/libgcc.a(_dtors.o)
                              envoiID_test.o (__do_global_dtors)
/usr/lib/gcc/avr/6.3.0/avr5/libgcc.a(_tablejump2.o)
                              /usr/lib/gcc/avr/6.3.0/avr5/libgcc.a(_ctors.o) (__tablejump2__)

Memory Configuration

Name             Origin             Length             Attributes
text             0x0000000000000000 0x0000000000020000 xr
data             0x0000000000800060 0x000000000000ffa0 rw !x
eeprom           0x0000000000810000 0x0000000000010000 rw !x
fuse             0x0000000000820000 0x0000000000000003 rw !x
lock             0x0000000000830000 0x0000000000000400 rw !x
signature        0x0000000000840000 0x0000000000000400 rw !x
user_signatures  0x0000000000850000 0x0000000000000400 rw !x
*default*        0x0000000000000000 0xffffffffffffffff

Linker script and memory map

Address of section .data set to 0x800100
LOAD /usr/lib/gcc/avr/6.3.0/../../../../avr/lib/avr5/crtatmega324pa.o
LOAD envoiID_test.o
LOAD /usr/lib/gcc/avr/6.3.0/../../../../avr/lib/avr5/libm.a
LOAD ../lib/mylib.a
START GROUP
LOAD /usr/lib/gcc/avr/6.3.0/avr5/libgcc.a
LOAD /usr/lib/gcc/avr/6.3.0/../../../../avr/lib/avr5/libm.a
LOAD /usr/lib/gcc/avr/6.3.0/../../../../avr/lib/avr5/libc.a
LOAD /usr/lib/gcc/avr/6.3.0/../../../../avr/lib/avr5/libatmega324pa.a
END GROUP
                0x0000000000020000                __TEXT_REGION_LENGTH__ = DEFINED (__TEXT_REGION_LENGTH__)?__TEXT_REGION_LENGTH__:0x20000
                0x000000000000ffa0                __DATA_REGION_LENGTH__ = DEFINED (__DATA_REGION_LENGTH__)?__DATA_REGION_LENGTH__:0xffa0
                0x0000000000010000                __EEPROM_REGION_LENGTH__ = DEFINED (__EEPROM_REGION_LENGTH__)?__EEPROM_REGION_LENGTH__:0x10000
                [0x0000000000000003]                __FUSE_REGION_LENGTH__ = DEFINED (__FUSE_REGION_LENGTH__)?__FUSE_REGION_LENGTH__:0x400
                0x0000000000000400                __LOCK_REGION_LENGTH__ = DEFINED (__LOCK_REGION_LENGTH__)?__LOCK_REGION_LENGTH__:0x400
                0x0000000000000400                __SIGNATURE_REGION_LENGTH__ = DEFINED (__SIGNATURE_REGION_LENGTH__)?__SIGNATURE_REGION_LENGTH__:0x400
                0x0000000000000400                __USER_SIGNATURE_REGION_LENGTH__ = DEFINED (__USER_SIGNATURE_REGION_LENGTH__)?__USER_SIGNATURE_REGION_LENGTH__:0x400

.hash
 *(.hash)

.dynsym
 *(.dynsym)

.dynstr
 *(.dynstr)

.gnu.version
 *(.gnu.version)

.gnu.version_d
 *(.gnu.version_d)

.gnu.version_r
 *(.gnu.version_r)

.rel.init
 *(.rel.init)

.rela.init
 *(.rela.init)

.rel.text
 *(.rel.text)
 *(.rel.text.*)
 *(.rel.gnu.linkonce.t*)

.rela.text
 *(.rela.text)
 *(.rela.text.*)
 *(.rela.gnu.linkonce.t*)

.rel.fini
 *(.rel.fini)

.rela.fini
 *(.rela.fini)

.rel.rodata
 *(.rel.rodata)
 *(.rel.rodata.*)
 *(.rel.gnu.linkonce.r*)

.rela.rodata
 *(.rela.rodata)
 *(.rela.rodata.*)
 *(.rela.gnu.linkonce.r*)

.rel.data
 *(.rel.data)
 *(.rel.data.*)
 *(.rel.gnu.linkonce.d*)

.rela.data
 *(.rela.data)
 *(.rela.data.*)
 *(.rela.gnu.linkonce.d*)

.rel.ctors
 *(.rel.ctors)

.rela.ctors
 *(.rela.ctors)

.rel.dtors
 *(.rel.dtors)

.rela.dtors
 *(.rela.dtors)

.rel.got
 *(.rel.got)

.rela.got
 *(.rela.got)

.rel.bss
 *(.rel.bss)

.rela.bss
 *(.rela.bss)

.rel.plt
 *(.rel.plt)

.rela.plt
 *(.rela.plt)

.text           0x0000000000000000      0xf20
 *(.vectors)
 .vectors       0x0000000000000000       0x7c /usr/lib/gcc/avr/6.3.0/../../../../avr/lib/avr5/crtatmega324pa.o
                0x0000000000000000                __vectors
                0x0000000000000000                __vector_default
 *(.vectors)
 *(.progmem.gcc*)
 .progmem.gcc_fplib
                0x000000000000007c       0x28 /usr/lib/gcc/avr/6.3.0/../../../../avr/lib/avr5/libm.a(exp.o)
 .progmem.gcc_fplib
                0x00000000000000a4       0x5a /usr/lib/gcc/avr/6.3.0/../../../../avr/lib/avr5/libm.a(log.o)
                0x00000000000000fe                . = ALIGN (0x2)
                0x00000000000000fe                __trampolines_start = .
 *(.trampolines)
 .trampolines   0x00000000000000fe        0x0 linker stubs
 *(.trampolines*)
                0x00000000000000fe                __trampolines_end = .
 *libprintf_flt.a:*(.progmem.data)
 *libc.a:*(.progmem.data)
 *(.progmem*)
                0x00000000000000fe                . = ALIGN (0x2)
 *(.jumptables)
 *(.jumptables*)
 *(.lowtext)
 *(.lowtext*)
                0x00000000000000fe                __ctors_start = .
 *(.ctors)
 .ctors         0x00000000000000fe        0x2 envoiID_test.o
                0x0000000000000100                __ctors_end = .
                0x0000000000000100                __dtors_start = .
 *(.dtors)
 .dtors         0x0000000000000100        0x2 envoiID_test.o
                0x0000000000000102                __dtors_end = .
 SORT(*)(.ctors)
 SORT(*)(.dtors)
 *(.init0)
 .init0         0x0000000000000102        0x0 /usr/lib/gcc/avr/6.3.0/../../../../avr/lib/avr5/crtatmega324pa.o
                0x0000000000000102                __init
 *(.init0)
 *(.init1)
 *(.init1)
 *(.init2)
 .init2         0x0000000000000102        0xc /usr/lib/gcc/avr/6.3.0/../../../../avr/lib/avr5/crtatmega324pa.o
 *(.init2)
 *(.init3)
 *(.init3)
 *(.init4)
 .init4         0x000000000000010e       0x16 /usr/lib/gcc/avr/6.3.0/avr5/libgcc.a(_copy_data.o)
                0x000000000000010e                __do_copy_data
 .init4         0x0000000000000124       0x10 /usr/lib/gcc/avr/6.3.0/avr5/libgcc.a(_clear_bss.o)
                0x0000000000000124                __do_clear_bss
 *(.init4)
 *(.init5)
 *(.init5)
 *(.init6)
 .init6         0x0000000000000134       0x16 /usr/lib/gcc/avr/6.3.0/avr5/libgcc.a(_ctors.o)
                0x0000000000000134                __do_global_ctors
 *(.init6)
 *(.init7)
 *(.init7)
 *(.init8)
 *(.init8)
 *(.init9)
 .init9         0x000000000000014a        0x8 /usr/lib/gcc/avr/6.3.0/../../../../avr/lib/avr5/crtatmega324pa.o
 *(.init9)
 *(.text)
 .text          0x0000000000000152        0x4 /usr/lib/gcc/avr/6.3.0/../../../../avr/lib/avr5/crtatmega324pa.o
                0x0000000000000152                __vector_22
                0x0000000000000152                __vector_28
                0x0000000000000152                __vector_1
                0x0000000000000152                __vector_24
                0x0000000000000152                __vector_12
                0x0000000000000152                __bad_interrupt
                0x0000000000000152                __vector_6
                0x0000000000000152                __vector_3
                0x0000000000000152                __vector_23
                0x0000000000000152                __vector_30
                0x0000000000000152                __vector_25
                0x0000000000000152                __vector_11
                0x0000000000000152                __vector_13
                0x0000000000000152                __vector_17
                0x0000000000000152                __vector_19
                0x0000000000000152                __vector_7
                0x0000000000000152                __vector_27
                0x0000000000000152                __vector_5
                0x0000000000000152                __vector_4
                0x0000000000000152                __vector_2
                0x0000000000000152                __vector_21
                0x0000000000000152                __vector_15
                0x0000000000000152                __vector_29
                0x0000000000000152                __vector_8
                0x0000000000000152                __vector_26
                0x0000000000000152                __vector_14
                0x0000000000000152                __vector_10
                0x0000000000000152                __vector_16
                0x0000000000000152                __vector_18
                0x0000000000000152                __vector_20
 .text          0x0000000000000156      0x202 envoiID_test.o
                0x0000000000000156                _Z23initialisationMinuteriev
                0x000000000000016c                __vector_9
                0x0000000000000284                _Z15partirMinuteriej
                0x00000000000002ac                _Z14transmissionId7message
                0x000000000000032e                _Z21transmissionDonneeDelh
                0x0000000000000354                _Z28transmissionDonneeRoueDroitea
                0x0000000000000356                _Z28transmissionDonneeRoueGauchea
 .text          0x0000000000000358        0x0 /usr/lib/gcc/avr/6.3.0/../../../../avr/lib/avr5/libm.a(divsf3.o)
 .text          0x0000000000000358        0x0 /usr/lib/gcc/avr/6.3.0/../../../../avr/lib/avr5/libm.a(divsf3x.o)
 .text          0x0000000000000358        0x0 /usr/lib/gcc/avr/6.3.0/../../../../avr/lib/avr5/libm.a(fixunssfsi.o)
 .text          0x0000000000000358        0x0 /usr/lib/gcc/avr/6.3.0/../../../../avr/lib/avr5/libm.a(floatsisf.o)
 .text          0x0000000000000358        0x0 /usr/lib/gcc/avr/6.3.0/../../../../avr/lib/avr5/libm.a(fp_inf.o)
 .text          0x0000000000000358        0x0 /usr/lib/gcc/avr/6.3.0/../../../../avr/lib/avr5/libm.a(fp_nan.o)
 .text          0x0000000000000358        0x0 /usr/lib/gcc/avr/6.3.0/../../../../avr/lib/avr5/libm.a(fp_pscA.o)
 .text          0x0000000000000358        0x0 /usr/lib/gcc/avr/6.3.0/../../../../avr/lib/avr5/libm.a(fp_pscB.o)
 .text          0x0000000000000358        0x0 /usr/lib/gcc/avr/6.3.0/../../../../avr/lib/avr5/libm.a(fp_round.o)
 .text          0x0000000000000358        0x0 /usr/lib/gcc/avr/6.3.0/../../../../avr/lib/avr5/libm.a(fp_split3.o)
 .text          0x0000000000000358        0x0 /usr/lib/gcc/avr/6.3.0/../../../../avr/lib/avr5/libm.a(fp_zero.o)
 .text          0x0000000000000358        0x0 /usr/lib/gcc/avr/6.3.0/../../../../avr/lib/avr5/libm.a(pow.o)
 .text          0x0000000000000358        0x0 /usr/lib/gcc/avr/6.3.0/../../../../avr/lib/avr5/libm.a(round.o)
 .text          0x0000000000000358        0x0 /usr/lib/gcc/avr/6.3.0/../../../../avr/lib/avr5/libm.a(exp.o)
 .text          0x0000000000000358        0x0 /usr/lib/gcc/avr/6.3.0/../../../../avr/lib/avr5/libm.a(fp_mintl.o)
 .text          0x0000000000000358        0x0 /usr/lib/gcc/avr/6.3.0/../../../../avr/lib/avr5/libm.a(fp_mpack.o)
 .text          0x0000000000000358        0x0 /usr/lib/gcc/avr/6.3.0/../../../../avr/lib/avr5/libm.a(fp_powser.o)
 .text          0x0000000000000358        0x0 /usr/lib/gcc/avr/6.3.0/../../../../avr/lib/avr5/libm.a(inverse.o)
 .text          0x0000000000000358        0x0 /usr/lib/gcc/avr/6.3.0/../../../../avr/lib/avr5/libm.a(ldexp.o)
 .text          0x0000000000000358        0x0 /usr/lib/gcc/avr/6.3.0/../../../../avr/lib/avr5/libm.a(log.o)
 .text          0x0000000000000358        0x0 /usr/lib/gcc/avr/6.3.0/../../../../avr/lib/avr5/libm.a(modf.o)
 .text          0x0000000000000358        0x0 /usr/lib/gcc/avr/6.3.0/../../../../avr/lib/avr5/libm.a(mulsf3.o)
 .text          0x0000000000000358        0x0 /usr/lib/gcc/avr/6.3.0/../../../../avr/lib/avr5/libm.a(mulsf3x.o)
 .text          0x0000000000000358        0x0 /usr/lib/gcc/avr/6.3.0/../../../../avr/lib/avr5/libm.a(addsf3.o)
 .text          0x0000000000000358        0x0 /usr/lib/gcc/avr/6.3.0/../../../../avr/lib/avr5/libm.a(addsf3x.o)
 .text          0x0000000000000358       0x58 ../lib/mylib.a(can.o)
                0x0000000000000358                _ZN3canC2Ev
                0x0000000000000358                _ZN3canC1Ev
                0x0000000000000364                _ZN3canD1Ev
                0x0000000000000364                _ZN3canD2Ev
                0x000000000000036a                _ZN3can7lectureEh
 .text          0x00000000000003b0      0x13c ../lib/mylib.a(lumiereDel.o)
                0x00000000000003b0                _ZN10lumiereDelC1Ev
                0x00000000000003b0                _ZN10lumiereDelC2Ev
                0x00000000000003b8                _ZN10lumiereDelC2Ec
                0x00000000000003b8                _ZN10lumiereDelC1Ec
                0x00000000000003d2                _ZN10lumiereDelD1Ev
                0x00000000000003d2                _ZN10lumiereDelD2Ev
                0x00000000000003d4                _ZN10lumiereDel11activateRedEv
                0x0000000000000400                _ZN10lumiereDel13activateGreenEv
                0x000000000000042c                _ZN10lumiereDel13activateAmbreEv
                0x00000000000004c8                _ZN10lumiereDel15activateNeutralEv
 .text          0x00000000000004ec       0x3a ../lib/mylib.a(UART.o)
                0x00000000000004ec                _ZN4UART18initialisationUARTEv
                0x000000000000050a                _ZN4UART16transmissionUARTEh
                0x0000000000000518                _ZN4UART8lireUARTEv
 .text          0x0000000000000526       0x76 ../lib/mylib.a(capteurDistance.o)
                0x0000000000000526                _ZN15capteurDistance13lireDetecteurEv
                0x0000000000000574                _ZN15capteurDistance17obtenirCoteGaucheEv
                0x000000000000057c                _ZN15capteurDistance16obtenirCoteDroitEv
                0x0000000000000584                _ZN15capteurDistance17obtenirVideGaucheEv
                0x000000000000058a                _ZN15capteurDistance16obtenirVideDroitEv
                0x0000000000000590                _ZN15capteurDistance22obtenirEtaitVideGaucheEv
                0x0000000000000596                _ZN15capteurDistance21obtenirEtaitVideDroitEv
 .text          0x000000000000059c        0x0 /usr/lib/gcc/avr/6.3.0/avr5/libgcc.a(_exit.o)
 .text          0x000000000000059c        0x0 /usr/lib/gcc/avr/6.3.0/avr5/libgcc.a(_copy_data.o)
 .text          0x000000000000059c        0x0 /usr/lib/gcc/avr/6.3.0/avr5/libgcc.a(_clear_bss.o)
 .text          0x000000000000059c        0x0 /usr/lib/gcc/avr/6.3.0/avr5/libgcc.a(_ctors.o)
 .text          0x000000000000059c        0x0 /usr/lib/gcc/avr/6.3.0/avr5/libgcc.a(_dtors.o)
 .text          0x000000000000059c        0x0 /usr/lib/gcc/avr/6.3.0/avr5/libgcc.a(_tablejump2.o)
                0x000000000000059c                . = ALIGN (0x2)
 *(.text.*)
 .text.startup  0x000000000000059c      0x1ac envoiID_test.o
                0x000000000000059c                main
 .text.exit     0x0000000000000748       0x18 envoiID_test.o
 .text.avr-libc.fplib
                0x0000000000000760        0x8 /usr/lib/gcc/avr/6.3.0/../../../../avr/lib/avr5/libm.a(divsf3.o)
                0x0000000000000760                __divsf3
 .text.avr-libc.fplib
                0x0000000000000768       0xdc /usr/lib/gcc/avr/6.3.0/../../../../avr/lib/avr5/libm.a(divsf3x.o)
                0x0000000000000788                __divsf3x
                0x000000000000078e                __divsf3_pse
 .text.avr-libc.fplib
                0x0000000000000844       0x5e /usr/lib/gcc/avr/6.3.0/../../../../avr/lib/avr5/libm.a(fixunssfsi.o)
                0x0000000000000844                __fixunssfsi
 .text.avr-libc.fplib
                0x00000000000008a2       0x7a /usr/lib/gcc/avr/6.3.0/../../../../avr/lib/avr5/libm.a(floatsisf.o)
                0x00000000000008a2                __floatunsisf
                0x00000000000008a6                __floatsisf
 .text.avr-libc.fplib
                0x000000000000091c        0xc /usr/lib/gcc/avr/6.3.0/../../../../avr/lib/avr5/libm.a(fp_inf.o)
                0x000000000000091c                __fp_inf
 .text.avr-libc.fplib
                0x0000000000000928        0x6 /usr/lib/gcc/avr/6.3.0/../../../../avr/lib/avr5/libm.a(fp_nan.o)
                0x0000000000000928                __fp_nan
 .text.avr-libc.fplib
                0x000000000000092e        0xe /usr/lib/gcc/avr/6.3.0/../../../../avr/lib/avr5/libm.a(fp_pscA.o)
                0x000000000000092e                __fp_pscA
 .text.avr-libc.fplib
                0x000000000000093c        0xe /usr/lib/gcc/avr/6.3.0/../../../../avr/lib/avr5/libm.a(fp_pscB.o)
                0x000000000000093c                __fp_pscB
 .text.avr-libc.fplib
                0x000000000000094a       0x22 /usr/lib/gcc/avr/6.3.0/../../../../avr/lib/avr5/libm.a(fp_round.o)
                0x000000000000094a                __fp_round
 .text.avr-libc.fplib
                0x000000000000096c       0x44 /usr/lib/gcc/avr/6.3.0/../../../../avr/lib/avr5/libm.a(fp_split3.o)
                0x000000000000096c                __fp_split3
                0x000000000000097c                __fp_splitA
 .text.avr-libc.fplib
                0x00000000000009b0        0xe /usr/lib/gcc/avr/6.3.0/../../../../avr/lib/avr5/libm.a(fp_zero.o)
                0x00000000000009b0                __fp_zero
                0x00000000000009b2                __fp_szero
 .text.avr-libc.fplib
                0x00000000000009be       0xa0 /usr/lib/gcc/avr/6.3.0/../../../../avr/lib/avr5/libm.a(pow.o)
                0x00000000000009be                pow
 .text.avr-libc.fplib
                0x0000000000000a5e       0x48 /usr/lib/gcc/avr/6.3.0/../../../../avr/lib/avr5/libm.a(round.o)
                0x0000000000000a5e                round
 .text.avr-libc.fplib
                0x0000000000000aa6       0x74 /usr/lib/gcc/avr/6.3.0/../../../../avr/lib/avr5/libm.a(exp.o)
                0x0000000000000ab6                exp
 .text.avr-libc.fplib
                0x0000000000000b1a       0x36 /usr/lib/gcc/avr/6.3.0/../../../../avr/lib/avr5/libm.a(fp_mintl.o)
                0x0000000000000b1a                __fp_mintl
 .text.avr-libc.fplib
                0x0000000000000b50       0x1c /usr/lib/gcc/avr/6.3.0/../../../../avr/lib/avr5/libm.a(fp_mpack.o)
                0x0000000000000b50                __fp_mpack
                0x0000000000000b54                __fp_mpack_finite
 .text.avr-libc.fplib
                0x0000000000000b6c       0x4e /usr/lib/gcc/avr/6.3.0/../../../../avr/lib/avr5/libm.a(fp_powser.o)
                0x0000000000000b6c                __fp_powser
 .text.avr-libc.fplib
                0x0000000000000bba       0x10 /usr/lib/gcc/avr/6.3.0/../../../../avr/lib/avr5/libm.a(inverse.o)
                0x0000000000000bba                inverse
 .text.avr-libc.fplib
                0x0000000000000bca       0x74 /usr/lib/gcc/avr/6.3.0/../../../../avr/lib/avr5/libm.a(ldexp.o)
                0x0000000000000bd2                ldexp
 .text.avr-libc.fplib
                0x0000000000000c3e       0xa0 /usr/lib/gcc/avr/6.3.0/../../../../avr/lib/avr5/libm.a(log.o)
                0x0000000000000c4e                log
 .text.avr-libc.fplib
                0x0000000000000cde       0x68 /usr/lib/gcc/avr/6.3.0/../../../../avr/lib/avr5/libm.a(modf.o)
                0x0000000000000cde                modff
                0x0000000000000cde                modf
 .text.avr-libc.fplib
                0x0000000000000d46        0x8 /usr/lib/gcc/avr/6.3.0/../../../../avr/lib/avr5/libm.a(mulsf3.o)
                0x0000000000000d46                __mulsf3
 .text.avr-libc.fplib
                0x0000000000000d4e       0xd2 /usr/lib/gcc/avr/6.3.0/../../../../avr/lib/avr5/libm.a(mulsf3x.o)
                0x0000000000000d6c                __mulsf3x
                0x0000000000000d72                __mulsf3_pse
 .text.avr-libc.fplib
                0x0000000000000e20        0xe /usr/lib/gcc/avr/6.3.0/../../../../avr/lib/avr5/libm.a(addsf3.o)
                0x0000000000000e20                __subsf3
                0x0000000000000e22                __addsf3
 .text.avr-libc.fplib
                0x0000000000000e2e       0xcc /usr/lib/gcc/avr/6.3.0/../../../../avr/lib/avr5/libm.a(addsf3x.o)
                0x0000000000000e50                __addsf3x
 .text.libgcc.mul
                0x0000000000000efa        0x0 /usr/lib/gcc/avr/6.3.0/avr5/libgcc.a(_exit.o)
 .text.libgcc.div
                0x0000000000000efa        0x0 /usr/lib/gcc/avr/6.3.0/avr5/libgcc.a(_exit.o)
 .text.libgcc   0x0000000000000efa        0x0 /usr/lib/gcc/avr/6.3.0/avr5/libgcc.a(_exit.o)
 .text.libgcc.prologue
                0x0000000000000efa        0x0 /usr/lib/gcc/avr/6.3.0/avr5/libgcc.a(_exit.o)
 .text.libgcc.builtins
                0x0000000000000efa        0x0 /usr/lib/gcc/avr/6.3.0/avr5/libgcc.a(_exit.o)
 .text.libgcc.fmul
                0x0000000000000efa        0x0 /usr/lib/gcc/avr/6.3.0/avr5/libgcc.a(_exit.o)
 .text.libgcc.fixed
                0x0000000000000efa        0x0 /usr/lib/gcc/avr/6.3.0/avr5/libgcc.a(_exit.o)
 .text.libgcc.mul
                0x0000000000000efa        0x0 /usr/lib/gcc/avr/6.3.0/avr5/libgcc.a(_copy_data.o)
 .text.libgcc.div
                0x0000000000000efa        0x0 /usr/lib/gcc/avr/6.3.0/avr5/libgcc.a(_copy_data.o)
 .text.libgcc   0x0000000000000efa        0x0 /usr/lib/gcc/avr/6.3.0/avr5/libgcc.a(_copy_data.o)
 .text.libgcc.prologue
                0x0000000000000efa        0x0 /usr/lib/gcc/avr/6.3.0/avr5/libgcc.a(_copy_data.o)
 .text.libgcc.builtins
                0x0000000000000efa        0x0 /usr/lib/gcc/avr/6.3.0/avr5/libgcc.a(_copy_data.o)
 .text.libgcc.fmul
                0x0000000000000efa        0x0 /usr/lib/gcc/avr/6.3.0/avr5/libgcc.a(_copy_data.o)
 .text.libgcc.fixed
                0x0000000000000efa        0x0 /usr/lib/gcc/avr/6.3.0/avr5/libgcc.a(_copy_data.o)
 .text.libgcc.mul
                0x0000000000000efa        0x0 /usr/lib/gcc/avr/6.3.0/avr5/libgcc.a(_clear_bss.o)
 .text.libgcc.div
                0x0000000000000efa        0x0 /usr/lib/gcc/avr/6.3.0/avr5/libgcc.a(_clear_bss.o)
 .text.libgcc   0x0000000000000efa        0x0 /usr/lib/gcc/avr/6.3.0/avr5/libgcc.a(_clear_bss.o)
 .text.libgcc.prologue
                0x0000000000000efa        0x0 /usr/lib/gcc/avr/6.3.0/avr5/libgcc.a(_clear_bss.o)
 .text.libgcc.builtins
                0x0000000000000efa        0x0 /usr/lib/gcc/avr/6.3.0/avr5/libgcc.a(_clear_bss.o)
 .text.libgcc.fmul
                0x0000000000000efa        0x0 /usr/lib/gcc/avr/6.3.0/avr5/libgcc.a(_clear_bss.o)
 .text.libgcc.fixed
                0x0000000000000efa        0x0 /usr/lib/gcc/avr/6.3.0/avr5/libgcc.a(_clear_bss.o)
 .text.libgcc.mul
                0x0000000000000efa        0x0 /usr/lib/gcc/avr/6.3.0/avr5/libgcc.a(_ctors.o)
 .text.libgcc.div
                0x0000000000000efa        0x0 /usr/lib/gcc/avr/6.3.0/avr5/libgcc.a(_ctors.o)
 .text.libgcc   0x0000000000000efa        0x0 /usr/lib/gcc/avr/6.3.0/avr5/libgcc.a(_ctors.o)
 .text.libgcc.prologue
                0x0000000000000efa        0x0 /usr/lib/gcc/avr/6.3.0/avr5/libgcc.a(_ctors.o)
 .text.libgcc.builtins
                0x0000000000000efa        0x0 /usr/lib/gcc/avr/6.3.0/avr5/libgcc.a(_ctors.o)
 .text.libgcc.fmul
                0x0000000000000efa        0x0 /usr/lib/gcc/avr/6.3.0/avr5/libgcc.a(_ctors.o)
 .text.libgcc.fixed
                0x0000000000000efa        0x0 /usr/lib/gcc/avr/6.3.0/avr5/libgcc.a(_ctors.o)
 .text.libgcc.mul
                0x0000000000000efa        0x0 /usr/lib/gcc/avr/6.3.0/avr5/libgcc.a(_dtors.o)
 .text.libgcc.div
                0x0000000000000efa        0x0 /usr/lib/gcc/avr/6.3.0/avr5/libgcc.a(_dtors.o)
 .text.libgcc   0x0000000000000efa        0x0 /usr/lib/gcc/avr/6.3.0/avr5/libgcc.a(_dtors.o)
 .text.libgcc.prologue
                0x0000000000000efa        0x0 /usr/lib/gcc/avr/6.3.0/avr5/libgcc.a(_dtors.o)
 .text.libgcc.builtins
                0x0000000000000efa        0x0 /usr/lib/gcc/avr/6.3.0/avr5/libgcc.a(_dtors.o)
 .text.libgcc.fmul
                0x0000000000000efa        0x0 /usr/lib/gcc/avr/6.3.0/avr5/libgcc.a(_dtors.o)
 .text.libgcc.fixed
                0x0000000000000efa        0x0 /usr/lib/gcc/avr/6.3.0/avr5/libgcc.a(_dtors.o)
 .text.libgcc.mul
                0x0000000000000efa        0x0 /usr/lib/gcc/avr/6.3.0/avr5/libgcc.a(_tablejump2.o)
 .text.libgcc.div
                0x0000000000000efa        0x0 /usr/lib/gcc/avr/6.3.0/avr5/libgcc.a(_tablejump2.o)
 .text.libgcc   0x0000000000000efa        0xc /usr/lib/gcc/avr/6.3.0/avr5/libgcc.a(_tablejump2.o)
                0x0000000000000efa                __tablejump2__
 .text.libgcc.prologue
                0x0000000000000f06        0x0 /usr/lib/gcc/avr/6.3.0/avr5/libgcc.a(_tablejump2.o)
 .text.libgcc.builtins
                0x0000000000000f06        0x0 /usr/lib/gcc/avr/6.3.0/avr5/libgcc.a(_tablejump2.o)
 .text.libgcc.fmul
                0x0000000000000f06        0x0 /usr/lib/gcc/avr/6.3.0/avr5/libgcc.a(_tablejump2.o)
 .text.libgcc.fixed
                0x0000000000000f06        0x0 /usr/lib/gcc/avr/6.3.0/avr5/libgcc.a(_tablejump2.o)
                0x0000000000000f06                . = ALIGN (0x2)
 *(.fini9)
 .fini9         0x0000000000000f06        0x0 /usr/lib/gcc/avr/6.3.0/avr5/libgcc.a(_exit.o)
                0x0000000000000f06                exit
                0x0000000000000f06                _exit
 *(.fini9)
 *(.fini8)
 *(.fini8)
 *(.fini7)
 *(.fini7)
 *(.fini6)
 .fini6         0x0000000000000f06       0x16 /usr/lib/gcc/avr/6.3.0/avr5/libgcc.a(_dtors.o)
                0x0000000000000f06                __do_global_dtors
 *(.fini6)
 *(.fini5)
 *(.fini5)
 *(.fini4)
 *(.fini4)
 *(.fini3)
 *(.fini3)
 *(.fini2)
 *(.fini2)
 *(.fini1)
 *(.fini1)
 *(.fini0)
 .fini0         0x0000000000000f1c        0x4 /usr/lib/gcc/avr/6.3.0/avr5/libgcc.a(_exit.o)
 *(.fini0)
                0x0000000000000f20                _etext = .

.data           0x0000000000800100        0x2 load address 0x0000000000000f20
                0x0000000000800100                PROVIDE (__data_start, .)
 *(.data)
 .data          0x0000000000800100        0x0 /usr/lib/gcc/avr/6.3.0/../../../../avr/lib/avr5/crtatmega324pa.o
 .data          0x0000000000800100        0x1 envoiID_test.o
                0x0000000000800100                buttonPressed
 .data          0x0000000000800101        0x0 /usr/lib/gcc/avr/6.3.0/../../../../avr/lib/avr5/libm.a(divsf3.o)
 .data          0x0000000000800101        0x0 /usr/lib/gcc/avr/6.3.0/../../../../avr/lib/avr5/libm.a(divsf3x.o)
 .data          0x0000000000800101        0x0 /usr/lib/gcc/avr/6.3.0/../../../../avr/lib/avr5/libm.a(fixunssfsi.o)
 .data          0x0000000000800101        0x0 /usr/lib/gcc/avr/6.3.0/../../../../avr/lib/avr5/libm.a(floatsisf.o)
 .data          0x0000000000800101        0x0 /usr/lib/gcc/avr/6.3.0/../../../../avr/lib/avr5/libm.a(fp_inf.o)
 .data          0x0000000000800101        0x0 /usr/lib/gcc/avr/6.3.0/../../../../avr/lib/avr5/libm.a(fp_nan.o)
 .data          0x0000000000800101        0x0 /usr/lib/gcc/avr/6.3.0/../../../../avr/lib/avr5/libm.a(fp_pscA.o)
 .data          0x0000000000800101        0x0 /usr/lib/gcc/avr/6.3.0/../../../../avr/lib/avr5/libm.a(fp_pscB.o)
 .data          0x0000000000800101        0x0 /usr/lib/gcc/avr/6.3.0/../../../../avr/lib/avr5/libm.a(fp_round.o)
 .data          0x0000000000800101        0x0 /usr/lib/gcc/avr/6.3.0/../../../../avr/lib/avr5/libm.a(fp_split3.o)
 .data          0x0000000000800101        0x0 /usr/lib/gcc/avr/6.3.0/../../../../avr/lib/avr5/libm.a(fp_zero.o)
 .data          0x0000000000800101        0x0 /usr/lib/gcc/avr/6.3.0/../../../../avr/lib/avr5/libm.a(pow.o)
 .data          0x0000000000800101        0x0 /usr/lib/gcc/avr/6.3.0/../../../../avr/lib/avr5/libm.a(round.o)
 .data          0x0000000000800101        0x0 /usr/lib/gcc/avr/6.3.0/../../../../avr/lib/avr5/libm.a(exp.o)
 .data          0x0000000000800101        0x0 /usr/lib/gcc/avr/6.3.0/../../../../avr/lib/avr5/libm.a(fp_mintl.o)
 .data          0x0000000000800101        0x0 /usr/lib/gcc/avr/6.3.0/../../../../avr/lib/avr5/libm.a(fp_mpack.o)
 .data          0x0000000000800101        0x0 /usr/lib/gcc/avr/6.3.0/../../../../avr/lib/avr5/libm.a(fp_powser.o)
 .data          0x0000000000800101        0x0 /usr/lib/gcc/avr/6.3.0/../../../../avr/lib/avr5/libm.a(inverse.o)
 .data          0x0000000000800101        0x0 /usr/lib/gcc/avr/6.3.0/../../../../avr/lib/avr5/libm.a(ldexp.o)
 .data          0x0000000000800101        0x0 /usr/lib/gcc/avr/6.3.0/../../../../avr/lib/avr5/libm.a(log.o)
 .data          0x0000000000800101        0x0 /usr/lib/gcc/avr/6.3.0/../../../../avr/lib/avr5/libm.a(modf.o)
 .data          0x0000000000800101        0x0 /usr/lib/gcc/avr/6.3.0/../../../../avr/lib/avr5/libm.a(mulsf3.o)
 .data          0x0000000000800101        0x0 /usr/lib/gcc/avr/6.3.0/../../../../avr/lib/avr5/libm.a(mulsf3x.o)
 .data          0x0000000000800101        0x0 /usr/lib/gcc/avr/6.3.0/../../../../avr/lib/avr5/libm.a(addsf3.o)
 .data          0x0000000000800101        0x0 /usr/lib/gcc/avr/6.3.0/../../../../avr/lib/avr5/libm.a(addsf3x.o)
 .data          0x0000000000800101        0x0 ../lib/mylib.a(can.o)
 .data          0x0000000000800101        0x0 ../lib/mylib.a(lumiereDel.o)
 .data          0x0000000000800101        0x0 ../lib/mylib.a(UART.o)
 .data          0x0000000000800101        0x0 ../lib/mylib.a(capteurDistance.o)
 .data          0x0000000000800101        0x0 /usr/lib/gcc/avr/6.3.0/avr5/libgcc.a(_exit.o)
 .data          0x0000000000800101        0x0 /usr/lib/gcc/avr/6.3.0/avr5/libgcc.a(_copy_data.o)
 .data          0x0000000000800101        0x0 /usr/lib/gcc/avr/6.3.0/avr5/libgcc.a(_clear_bss.o)
 .data          0x0000000000800101        0x0 /usr/lib/gcc/avr/6.3.0/avr5/libgcc.a(_ctors.o)
 .data          0x0000000000800101        0x0 /usr/lib/gcc/avr/6.3.0/avr5/libgcc.a(_dtors.o)
 .data          0x0000000000800101        0x0 /usr/lib/gcc/avr/6.3.0/avr5/libgcc.a(_tablejump2.o)
 *(.data*)
 *(.rodata)
 *(.rodata*)
 *(.gnu.linkonce.d*)
                0x0000000000800102                . = ALIGN (0x2)
 *fill*         0x0000000000800101        0x1 
                0x0000000000800102                _edata = .
                0x0000000000800102                PROVIDE (__data_end, .)

.bss            0x0000000000800102       0x16
                0x0000000000800102                PROVIDE (__bss_start, .)
 *(.bss)
 .bss           0x0000000000800102        0x0 /usr/lib/gcc/avr/6.3.0/../../../../avr/lib/avr5/crtatmega324pa.o
 .bss           0x0000000000800102       0x16 envoiID_test.o
                0x0000000000800102                valeurCMDroit
                0x0000000000800104                valeurCMGauche
                0x0000000000800106                valeurDroit
                0x0000000000800108                valeurGauche
                0x000000000080010a                typeMessage
                0x000000000080010b                moteur
                0x000000000080010c                detecteur
                0x000000000080010d                lumiere
                0x000000000080010e                uart
                0x000000000080010f                capteur
 .bss           0x0000000000800118        0x0 /usr/lib/gcc/avr/6.3.0/../../../../avr/lib/avr5/libm.a(divsf3.o)
 .bss           0x0000000000800118        0x0 /usr/lib/gcc/avr/6.3.0/../../../../avr/lib/avr5/libm.a(divsf3x.o)
 .bss           0x0000000000800118        0x0 /usr/lib/gcc/avr/6.3.0/../../../../avr/lib/avr5/libm.a(fixunssfsi.o)
 .bss           0x0000000000800118        0x0 /usr/lib/gcc/avr/6.3.0/../../../../avr/lib/avr5/libm.a(floatsisf.o)
 .bss           0x0000000000800118        0x0 /usr/lib/gcc/avr/6.3.0/../../../../avr/lib/avr5/libm.a(fp_inf.o)
 .bss           0x0000000000800118        0x0 /usr/lib/gcc/avr/6.3.0/../../../../avr/lib/avr5/libm.a(fp_nan.o)
 .bss           0x0000000000800118        0x0 /usr/lib/gcc/avr/6.3.0/../../../../avr/lib/avr5/libm.a(fp_pscA.o)
 .bss           0x0000000000800118        0x0 /usr/lib/gcc/avr/6.3.0/../../../../avr/lib/avr5/libm.a(fp_pscB.o)
 .bss           0x0000000000800118        0x0 /usr/lib/gcc/avr/6.3.0/../../../../avr/lib/avr5/libm.a(fp_round.o)
 .bss           0x0000000000800118        0x0 /usr/lib/gcc/avr/6.3.0/../../../../avr/lib/avr5/libm.a(fp_split3.o)
 .bss           0x0000000000800118        0x0 /usr/lib/gcc/avr/6.3.0/../../../../avr/lib/avr5/libm.a(fp_zero.o)
 .bss           0x0000000000800118        0x0 /usr/lib/gcc/avr/6.3.0/../../../../avr/lib/avr5/libm.a(pow.o)
 .bss           0x0000000000800118        0x0 /usr/lib/gcc/avr/6.3.0/../../../../avr/lib/avr5/libm.a(round.o)
 .bss           0x0000000000800118        0x0 /usr/lib/gcc/avr/6.3.0/../../../../avr/lib/avr5/libm.a(exp.o)
 .bss           0x0000000000800118        0x0 /usr/lib/gcc/avr/6.3.0/../../../../avr/lib/avr5/libm.a(fp_mintl.o)
 .bss           0x0000000000800118        0x0 /usr/lib/gcc/avr/6.3.0/../../../../avr/lib/avr5/libm.a(fp_mpack.o)
 .bss           0x0000000000800118        0x0 /usr/lib/gcc/avr/6.3.0/../../../../avr/lib/avr5/libm.a(fp_powser.o)
 .bss           0x0000000000800118        0x0 /usr/lib/gcc/avr/6.3.0/../../../../avr/lib/avr5/libm.a(inverse.o)
 .bss           0x0000000000800118        0x0 /usr/lib/gcc/avr/6.3.0/../../../../avr/lib/avr5/libm.a(ldexp.o)
 .bss           0x0000000000800118        0x0 /usr/lib/gcc/avr/6.3.0/../../../../avr/lib/avr5/libm.a(log.o)
 .bss           0x0000000000800118        0x0 /usr/lib/gcc/avr/6.3.0/../../../../avr/lib/avr5/libm.a(modf.o)
 .bss           0x0000000000800118        0x0 /usr/lib/gcc/avr/6.3.0/../../../../avr/lib/avr5/libm.a(mulsf3.o)
 .bss           0x0000000000800118        0x0 /usr/lib/gcc/avr/6.3.0/../../../../avr/lib/avr5/libm.a(mulsf3x.o)
 .bss           0x0000000000800118        0x0 /usr/lib/gcc/avr/6.3.0/../../../../avr/lib/avr5/libm.a(addsf3.o)
 .bss           0x0000000000800118        0x0 /usr/lib/gcc/avr/6.3.0/../../../../avr/lib/avr5/libm.a(addsf3x.o)
 .bss           0x0000000000800118        0x0 ../lib/mylib.a(can.o)
 .bss           0x0000000000800118        0x0 ../lib/mylib.a(lumiereDel.o)
 .bss           0x0000000000800118        0x0 ../lib/mylib.a(UART.o)
 .bss           0x0000000000800118        0x0 ../lib/mylib.a(capteurDistance.o)
 .bss           0x0000000000800118        0x0 /usr/lib/gcc/avr/6.3.0/avr5/libgcc.a(_exit.o)
 .bss           0x0000000000800118        0x0 /usr/lib/gcc/avr/6.3.0/avr5/libgcc.a(_copy_data.o)
 .bss           0x0000000000800118        0x0 /usr/lib/gcc/avr/6.3.0/avr5/libgcc.a(_clear_bss.o)
 .bss           0x0000000000800118        0x0 /usr/lib/gcc/avr/6.3.0/avr5/libgcc.a(_ctors.o)
 .bss           0x0000000000800118        0x0 /usr/lib/gcc/avr/6.3.0/avr5/libgcc.a(_dtors.o)
 .bss           0x0000000000800118        0x0 /usr/lib/gcc/avr/6.3.0/avr5/libgcc.a(_tablejump2.o)
 *(.bss*)
 *(COMMON)
                0x0000000000800118                PROVIDE (__bss_end, .)
                0x0000000000000f20                __data_load_start = LOADADDR (.data)
                0x0000000000000f22                __data_load_end = (__data_load_start + SIZEOF (.data))

.noinit         0x0000000000800118        0x0
                [!provide]                        PROVIDE (__noinit_start, .)
 *(.noinit*)
                [!provide]                        PROVIDE (__noinit_end, .)
                0x0000000000800118                _end = .
                [!provide]                        PROVIDE (__heap_start, .)

.eeprom         0x0000000000810000        0x0
 *(.eeprom*)
                0x0000000000810000                __eeprom_end = .

.fuse
 *(.fuse)
 *(.lfuse)
 *(.hfuse)
 *(.efuse)

.lock
 *(.lock*)

.signature
 *(.signature*)

.stab           0x0000000000000000     0x2d9c
 *(.stab)
 .stab          0x0000000000000000      0xb7c envoiID_test.o
 .stab          0x0000000000000b7c      0x630 ../lib/mylib.a(can.o)
                                        0x63c (size before relaxing)
 .stab          0x00000000000011ac      0x9f0 ../lib/mylib.a(lumiereDel.o)
                                        0x9fc (size before relaxing)
 .stab          0x0000000000001b9c      0x618 ../lib/mylib.a(UART.o)
                                        0x624 (size before relaxing)
 .stab          0x00000000000021b4      0x7a4 ../lib/mylib.a(capteurDistance.o)
                                        0x7b0 (size before relaxing)
 .stab          0x0000000000002958       0x6c /usr/lib/gcc/avr/6.3.0/avr5/libgcc.a(_exit.o)
                                         0x78 (size before relaxing)
 .stab          0x00000000000029c4       0xd8 /usr/lib/gcc/avr/6.3.0/avr5/libgcc.a(_copy_data.o)
                                         0xe4 (size before relaxing)
 .stab          0x0000000000002a9c       0xb4 /usr/lib/gcc/avr/6.3.0/avr5/libgcc.a(_clear_bss.o)
                                         0xc0 (size before relaxing)
 .stab          0x0000000000002b50       0xd8 /usr/lib/gcc/avr/6.3.0/avr5/libgcc.a(_ctors.o)
                                         0xe4 (size before relaxing)
 .stab          0x0000000000002c28       0xd8 /usr/lib/gcc/avr/6.3.0/avr5/libgcc.a(_dtors.o)
                                         0xe4 (size before relaxing)
 .stab          0x0000000000002d00       0x9c /usr/lib/gcc/avr/6.3.0/avr5/libgcc.a(_tablejump2.o)
                                         0xa8 (size before relaxing)

.stabstr        0x0000000000000000     0x287c
 *(.stabstr)
 .stabstr       0x0000000000000000     0x287c envoiID_test.o

.stab.excl
 *(.stab.excl)

.stab.exclstr
 *(.stab.exclstr)

.stab.index
 *(.stab.index)

.stab.indexstr
 *(.stab.indexstr)

.comment        0x0000000000000000       0x21
 *(.comment)
 .comment       0x0000000000000000       0x21 envoiID_test.o
                                         0x22 (size before relaxing)
 .comment       0x0000000000000021       0x22 ../lib/mylib.a(can.o)
 .comment       0x0000000000000021       0x22 ../lib/mylib.a(lumiereDel.o)
 .comment       0x0000000000000021       0x22 ../lib/mylib.a(UART.o)
 .comment       0x0000000000000021       0x22 ../lib/mylib.a(capteurDistance.o)

.note.gnu.avr.deviceinfo
                0x0000000000000000       0x40
 .note.gnu.avr.deviceinfo
                0x0000000000000000       0x40 /usr/lib/gcc/avr/6.3.0/../../../../avr/lib/avr5/crtatmega324pa.o

.note.gnu.build-id
 *(.note.gnu.build-id)

.debug
 *(.debug)

.line
 *(.line)

.debug_srcinfo
 *(.debug_srcinfo)

.debug_sfnames
 *(.debug_sfnames)

.debug_aranges
 *(.debug_aranges)

.debug_pubnames
 *(.debug_pubnames)

.debug_info     0x0000000000000000      0x6cc
 *(.debug_info .gnu.linkonce.wi.*)
 .debug_info    0x0000000000000000      0x6cc /usr/lib/gcc/avr/6.3.0/../../../../avr/lib/avr5/crtatmega324pa.o

.debug_abbrev   0x0000000000000000      0x66e
 *(.debug_abbrev)
 .debug_abbrev  0x0000000000000000      0x66e /usr/lib/gcc/avr/6.3.0/../../../../avr/lib/avr5/crtatmega324pa.o

.debug_line     0x0000000000000000       0x1d
 *(.debug_line .debug_line.* .debug_line_end)
 .debug_line    0x0000000000000000       0x1d /usr/lib/gcc/avr/6.3.0/../../../../avr/lib/avr5/crtatmega324pa.o

.debug_frame
 *(.debug_frame)

.debug_str      0x0000000000000000      0x255
 *(.debug_str)
 .debug_str     0x0000000000000000      0x255 /usr/lib/gcc/avr/6.3.0/../../../../avr/lib/avr5/crtatmega324pa.o

.debug_loc
 *(.debug_loc)

.debug_macinfo
 *(.debug_macinfo)

.debug_weaknames
 *(.debug_weaknames)

.debug_funcnames
 *(.debug_funcnames)

.debug_typenames
 *(.debug_typenames)

.debug_varnames
 *(.debug_varnames)

.debug_pubtypes
 *(.debug_pubtypes)

.debug_ranges
 *(.debug_ranges)

.debug_macro
 *(.debug_macro)
OUTPUT(test32bits.out elf32-avr)
LOAD linker stubs
