Archive member included to satisfy reference by file (symbol)

/usr/lib/gcc/avr/6.3.0/../../../../avr/lib/avr5/libm.a(cmpsf2.o)
                              testerCapteur.o (__ltsf2)
/usr/lib/gcc/avr/6.3.0/../../../../avr/lib/avr5/libm.a(divsf3.o)
                              testerCapteur.o (__divsf3)
/usr/lib/gcc/avr/6.3.0/../../../../avr/lib/avr5/libm.a(divsf3x.o)
                              /usr/lib/gcc/avr/6.3.0/../../../../avr/lib/avr5/libm.a(divsf3.o) (__divsf3x)
/usr/lib/gcc/avr/6.3.0/../../../../avr/lib/avr5/libm.a(fixunssfsi.o)
                              testerCapteur.o (__fixunssfsi)
/usr/lib/gcc/avr/6.3.0/../../../../avr/lib/avr5/libm.a(floatsisf.o)
                              testerCapteur.o (__floatunsisf)
/usr/lib/gcc/avr/6.3.0/../../../../avr/lib/avr5/libm.a(fp_cmp.o)
                              /usr/lib/gcc/avr/6.3.0/../../../../avr/lib/avr5/libm.a(cmpsf2.o) (__fp_cmp)
/usr/lib/gcc/avr/6.3.0/../../../../avr/lib/avr5/libm.a(fp_inf.o)
                              /usr/lib/gcc/avr/6.3.0/../../../../avr/lib/avr5/libm.a(divsf3x.o) (__fp_inf)
/usr/lib/gcc/avr/6.3.0/../../../../avr/lib/avr5/libm.a(fp_nan.o)
                              /usr/lib/gcc/avr/6.3.0/../../../../avr/lib/avr5/libm.a(divsf3x.o) (__fp_nan)
/usr/lib/gcc/avr/6.3.0/../../../../avr/lib/avr5/libm.a(fp_pscA.o)
                              /usr/lib/gcc/avr/6.3.0/../../../../avr/lib/avr5/libm.a(divsf3x.o) (__fp_pscA)
/usr/lib/gcc/avr/6.3.0/../../../../avr/lib/avr5/libm.a(fp_pscB.o)
                              /usr/lib/gcc/avr/6.3.0/../../../../avr/lib/avr5/libm.a(divsf3x.o) (__fp_pscB)
/usr/lib/gcc/avr/6.3.0/../../../../avr/lib/avr5/libm.a(fp_round.o)
                              /usr/lib/gcc/avr/6.3.0/../../../../avr/lib/avr5/libm.a(divsf3.o) (__fp_round)
/usr/lib/gcc/avr/6.3.0/../../../../avr/lib/avr5/libm.a(fp_split3.o)
                              /usr/lib/gcc/avr/6.3.0/../../../../avr/lib/avr5/libm.a(divsf3x.o) (__fp_split3)
/usr/lib/gcc/avr/6.3.0/../../../../avr/lib/avr5/libm.a(fp_zero.o)
                              /usr/lib/gcc/avr/6.3.0/../../../../avr/lib/avr5/libm.a(fixunssfsi.o) (__fp_zero)
/usr/lib/gcc/avr/6.3.0/../../../../avr/lib/avr5/libm.a(pow.o)
                              testerCapteur.o (pow)
/usr/lib/gcc/avr/6.3.0/../../../../avr/lib/avr5/libm.a(round.o)
                              testerCapteur.o (round)
/usr/lib/gcc/avr/6.3.0/../../../../avr/lib/avr5/libm.a(exp.o)
                              /usr/lib/gcc/avr/6.3.0/../../../../avr/lib/avr5/libm.a(pow.o) (exp)
/usr/lib/gcc/avr/6.3.0/../../../../avr/lib/avr5/libm.a(fp_mintl.o)
                              /usr/lib/gcc/avr/6.3.0/../../../../avr/lib/avr5/libm.a(round.o) (__fp_mintl)
/usr/lib/gcc/avr/6.3.0/../../../../avr/lib/avr5/libm.a(fp_mpack.o)
                              /usr/lib/gcc/avr/6.3.0/../../../../avr/lib/avr5/libm.a(round.o) (__fp_mpack)
/usr/lib/gcc/avr/6.3.0/../../../../avr/lib/avr5/libm.a(fp_powser.o)
                              /usr/lib/gcc/avr/6.3.0/../../../../avr/lib/avr5/libm.a(exp.o) (__fp_powser)
/usr/lib/gcc/avr/6.3.0/../../../../avr/lib/avr5/libm.a(inverse.o)
                              /usr/lib/gcc/avr/6.3.0/../../../../avr/lib/avr5/libm.a(exp.o) (inverse)
/usr/lib/gcc/avr/6.3.0/../../../../avr/lib/avr5/libm.a(ldexp.o)
                              /usr/lib/gcc/avr/6.3.0/../../../../avr/lib/avr5/libm.a(exp.o) (ldexp)
/usr/lib/gcc/avr/6.3.0/../../../../avr/lib/avr5/libm.a(log.o)
                              /usr/lib/gcc/avr/6.3.0/../../../../avr/lib/avr5/libm.a(pow.o) (log)
/usr/lib/gcc/avr/6.3.0/../../../../avr/lib/avr5/libm.a(modf.o)
                              /usr/lib/gcc/avr/6.3.0/../../../../avr/lib/avr5/libm.a(exp.o) (modf)
/usr/lib/gcc/avr/6.3.0/../../../../avr/lib/avr5/libm.a(mulsf3.o)
                              /usr/lib/gcc/avr/6.3.0/../../../../avr/lib/avr5/libm.a(pow.o) (__mulsf3)
/usr/lib/gcc/avr/6.3.0/../../../../avr/lib/avr5/libm.a(mulsf3x.o)
                              /usr/lib/gcc/avr/6.3.0/../../../../avr/lib/avr5/libm.a(fp_powser.o) (__mulsf3x)
/usr/lib/gcc/avr/6.3.0/../../../../avr/lib/avr5/libm.a(addsf3.o)
                              /usr/lib/gcc/avr/6.3.0/../../../../avr/lib/avr5/libm.a(modf.o) (__subsf3)
/usr/lib/gcc/avr/6.3.0/../../../../avr/lib/avr5/libm.a(addsf3x.o)
                              /usr/lib/gcc/avr/6.3.0/../../../../avr/lib/avr5/libm.a(fp_powser.o) (__addsf3x)
../fichiers/mylib.a(can.o)    testerCapteur.o (_ZN3canC1Ev)
../fichiers/mylib.a(lumiereDel.o)
                              testerCapteur.o (_ZN10lumiereDelC1Ev)
../fichiers/mylib.a(roues.o)  testerCapteur.o (_ZN5roues13ajustementPWMEhh)
../fichiers/mylib.a(son.o)    testerCapteur.o (_ZN3sonC1Ev)
../fichiers/mylib.a(capteurDistance.o)
                              testerCapteur.o (_ZN15capteurDistance13lireDetecteurEv)
/usr/lib/gcc/avr/6.3.0/avr5/libgcc.a(_exit.o)
                              /usr/lib/gcc/avr/6.3.0/../../../../avr/lib/avr5/crtatmega324pa.o (exit)
/usr/lib/gcc/avr/6.3.0/avr5/libgcc.a(_copy_data.o)
                              testerCapteur.o (__do_copy_data)
/usr/lib/gcc/avr/6.3.0/avr5/libgcc.a(_clear_bss.o)
                              testerCapteur.o (__do_clear_bss)
/usr/lib/gcc/avr/6.3.0/avr5/libgcc.a(_ctors.o)
                              testerCapteur.o (__do_global_ctors)
/usr/lib/gcc/avr/6.3.0/avr5/libgcc.a(_dtors.o)
                              testerCapteur.o (__do_global_dtors)
/usr/lib/gcc/avr/6.3.0/avr5/libgcc.a(_tablejump2.o)
                              /usr/lib/gcc/avr/6.3.0/avr5/libgcc.a(_ctors.o) (__tablejump2__)

Memory Configuration

Name             Origin             Length             Attributes
text             0x0000000000000000 0x0000000000020000 xr
data             0x0000000000800060 0x000000000000ffa0 rw !x
eeprom           0x0000000000810000 0x0000000000010000 rw !x
fuse             0x0000000000820000 0x0000000000000003 rw !x
lock             0x0000000000830000 0x0000000000000400 rw !x
signature        0x0000000000840000 0x0000000000000400 rw !x
user_signatures  0x0000000000850000 0x0000000000000400 rw !x
*default*        0x0000000000000000 0xffffffffffffffff

Linker script and memory map

Address of section .data set to 0x800100
LOAD /usr/lib/gcc/avr/6.3.0/../../../../avr/lib/avr5/crtatmega324pa.o
LOAD testerCapteur.o
LOAD /usr/lib/gcc/avr/6.3.0/../../../../avr/lib/avr5/libm.a
LOAD ../fichiers/mylib.a
START GROUP
LOAD /usr/lib/gcc/avr/6.3.0/avr5/libgcc.a
LOAD /usr/lib/gcc/avr/6.3.0/../../../../avr/lib/avr5/libm.a
LOAD /usr/lib/gcc/avr/6.3.0/../../../../avr/lib/avr5/libc.a
LOAD /usr/lib/gcc/avr/6.3.0/../../../../avr/lib/avr5/libatmega324pa.a
END GROUP
                0x0000000000020000                __TEXT_REGION_LENGTH__ = DEFINED (__TEXT_REGION_LENGTH__)?__TEXT_REGION_LENGTH__:0x20000
                0x000000000000ffa0                __DATA_REGION_LENGTH__ = DEFINED (__DATA_REGION_LENGTH__)?__DATA_REGION_LENGTH__:0xffa0
                0x0000000000010000                __EEPROM_REGION_LENGTH__ = DEFINED (__EEPROM_REGION_LENGTH__)?__EEPROM_REGION_LENGTH__:0x10000
                [0x0000000000000003]                __FUSE_REGION_LENGTH__ = DEFINED (__FUSE_REGION_LENGTH__)?__FUSE_REGION_LENGTH__:0x400
                0x0000000000000400                __LOCK_REGION_LENGTH__ = DEFINED (__LOCK_REGION_LENGTH__)?__LOCK_REGION_LENGTH__:0x400
                0x0000000000000400                __SIGNATURE_REGION_LENGTH__ = DEFINED (__SIGNATURE_REGION_LENGTH__)?__SIGNATURE_REGION_LENGTH__:0x400
                0x0000000000000400                __USER_SIGNATURE_REGION_LENGTH__ = DEFINED (__USER_SIGNATURE_REGION_LENGTH__)?__USER_SIGNATURE_REGION_LENGTH__:0x400

.hash
 *(.hash)

.dynsym
 *(.dynsym)

.dynstr
 *(.dynstr)

.gnu.version
 *(.gnu.version)

.gnu.version_d
 *(.gnu.version_d)

.gnu.version_r
 *(.gnu.version_r)

.rel.init
 *(.rel.init)

.rela.init
 *(.rela.init)

.rel.text
 *(.rel.text)
 *(.rel.text.*)
 *(.rel.gnu.linkonce.t*)

.rela.text
 *(.rela.text)
 *(.rela.text.*)
 *(.rela.gnu.linkonce.t*)

.rel.fini
 *(.rel.fini)

.rela.fini
 *(.rela.fini)

.rel.rodata
 *(.rel.rodata)
 *(.rel.rodata.*)
 *(.rel.gnu.linkonce.r*)

.rela.rodata
 *(.rela.rodata)
 *(.rela.rodata.*)
 *(.rela.gnu.linkonce.r*)

.rel.data
 *(.rel.data)
 *(.rel.data.*)
 *(.rel.gnu.linkonce.d*)

.rela.data
 *(.rela.data)
 *(.rela.data.*)
 *(.rela.gnu.linkonce.d*)

.rel.ctors
 *(.rel.ctors)

.rela.ctors
 *(.rela.ctors)

.rel.dtors
 *(.rel.dtors)

.rela.dtors
 *(.rela.dtors)

.rel.got
 *(.rel.got)

.rela.got
 *(.rela.got)

.rel.bss
 *(.rel.bss)

.rela.bss
 *(.rela.bss)

.rel.plt
 *(.rel.plt)

.rela.plt
 *(.rela.plt)

.text           0x0000000000000000     0x1222
 *(.vectors)
 .vectors       0x0000000000000000       0x7c /usr/lib/gcc/avr/6.3.0/../../../../avr/lib/avr5/crtatmega324pa.o
                0x0000000000000000                __vectors
                0x0000000000000000                __vector_default
 *(.vectors)
 *(.progmem.gcc*)
 .progmem.gcc_fplib
                0x000000000000007c       0x28 /usr/lib/gcc/avr/6.3.0/../../../../avr/lib/avr5/libm.a(exp.o)
 .progmem.gcc_fplib
                0x00000000000000a4       0x5a /usr/lib/gcc/avr/6.3.0/../../../../avr/lib/avr5/libm.a(log.o)
                0x00000000000000fe                . = ALIGN (0x2)
                0x00000000000000fe                __trampolines_start = .
 *(.trampolines)
 .trampolines   0x00000000000000fe        0x0 linker stubs
 *(.trampolines*)
                0x00000000000000fe                __trampolines_end = .
 *libprintf_flt.a:*(.progmem.data)
 *libc.a:*(.progmem.data)
 *(.progmem*)
                0x00000000000000fe                . = ALIGN (0x2)
 *(.jumptables)
 *(.jumptables*)
 *(.lowtext)
 *(.lowtext*)
                0x00000000000000fe                __ctors_start = .
 *(.ctors)
 .ctors         0x00000000000000fe        0x2 testerCapteur.o
                0x0000000000000100                __ctors_end = .
                0x0000000000000100                __dtors_start = .
 *(.dtors)
 .dtors         0x0000000000000100        0x2 testerCapteur.o
                0x0000000000000102                __dtors_end = .
 SORT(*)(.ctors)
 SORT(*)(.dtors)
 *(.init0)
 .init0         0x0000000000000102        0x0 /usr/lib/gcc/avr/6.3.0/../../../../avr/lib/avr5/crtatmega324pa.o
                0x0000000000000102                __init
 *(.init0)
 *(.init1)
 *(.init1)
 *(.init2)
 .init2         0x0000000000000102        0xc /usr/lib/gcc/avr/6.3.0/../../../../avr/lib/avr5/crtatmega324pa.o
 *(.init2)
 *(.init3)
 *(.init3)
 *(.init4)
 .init4         0x000000000000010e       0x16 /usr/lib/gcc/avr/6.3.0/avr5/libgcc.a(_copy_data.o)
                0x000000000000010e                __do_copy_data
 .init4         0x0000000000000124       0x10 /usr/lib/gcc/avr/6.3.0/avr5/libgcc.a(_clear_bss.o)
                0x0000000000000124                __do_clear_bss
 *(.init4)
 *(.init5)
 *(.init5)
 *(.init6)
 .init6         0x0000000000000134       0x16 /usr/lib/gcc/avr/6.3.0/avr5/libgcc.a(_ctors.o)
                0x0000000000000134                __do_global_ctors
 *(.init6)
 *(.init7)
 *(.init7)
 *(.init8)
 *(.init8)
 *(.init9)
 .init9         0x000000000000014a        0x8 /usr/lib/gcc/avr/6.3.0/../../../../avr/lib/avr5/crtatmega324pa.o
 *(.init9)
 *(.text)
 .text          0x0000000000000152        0x4 /usr/lib/gcc/avr/6.3.0/../../../../avr/lib/avr5/crtatmega324pa.o
                0x0000000000000152                __vector_22
                0x0000000000000152                __vector_28
                0x0000000000000152                __vector_24
                0x0000000000000152                __vector_12
                0x0000000000000152                __bad_interrupt
                0x0000000000000152                __vector_6
                0x0000000000000152                __vector_3
                0x0000000000000152                __vector_23
                0x0000000000000152                __vector_30
                0x0000000000000152                __vector_25
                0x0000000000000152                __vector_11
                0x0000000000000152                __vector_13
                0x0000000000000152                __vector_17
                0x0000000000000152                __vector_19
                0x0000000000000152                __vector_7
                0x0000000000000152                __vector_27
                0x0000000000000152                __vector_5
                0x0000000000000152                __vector_4
                0x0000000000000152                __vector_2
                0x0000000000000152                __vector_21
                0x0000000000000152                __vector_15
                0x0000000000000152                __vector_29
                0x0000000000000152                __vector_8
                0x0000000000000152                __vector_26
                0x0000000000000152                __vector_14
                0x0000000000000152                __vector_10
                0x0000000000000152                __vector_16
                0x0000000000000152                __vector_18
                0x0000000000000152                __vector_20
 .text          0x0000000000000156      0x47e testerCapteur.o
                0x0000000000000156                _Z23initialisationInterruptv
                0x0000000000000170                __vector_1
                0x000000000000022c                _Z23initialisationMinuteriev
                0x0000000000000234                _Z15partirMinuteriej
                0x000000000000025c                __vector_9
                0x00000000000003e4                _Z15nouveauMurDroitv
                0x00000000000003fa                _Z16nouveauMurGauchev
                0x0000000000000410                _Z8jouerSonv
                0x00000000000004a0                _Z14detecterPoteauv
                0x00000000000004ea                _Z14ApprocherDuMurv
 .text          0x00000000000005d4        0x0 /usr/lib/gcc/avr/6.3.0/../../../../avr/lib/avr5/libm.a(cmpsf2.o)
 .text          0x00000000000005d4        0x0 /usr/lib/gcc/avr/6.3.0/../../../../avr/lib/avr5/libm.a(divsf3.o)
 .text          0x00000000000005d4        0x0 /usr/lib/gcc/avr/6.3.0/../../../../avr/lib/avr5/libm.a(divsf3x.o)
 .text          0x00000000000005d4        0x0 /usr/lib/gcc/avr/6.3.0/../../../../avr/lib/avr5/libm.a(fixunssfsi.o)
 .text          0x00000000000005d4        0x0 /usr/lib/gcc/avr/6.3.0/../../../../avr/lib/avr5/libm.a(floatsisf.o)
 .text          0x00000000000005d4        0x0 /usr/lib/gcc/avr/6.3.0/../../../../avr/lib/avr5/libm.a(fp_cmp.o)
 .text          0x00000000000005d4        0x0 /usr/lib/gcc/avr/6.3.0/../../../../avr/lib/avr5/libm.a(fp_inf.o)
 .text          0x00000000000005d4        0x0 /usr/lib/gcc/avr/6.3.0/../../../../avr/lib/avr5/libm.a(fp_nan.o)
 .text          0x00000000000005d4        0x0 /usr/lib/gcc/avr/6.3.0/../../../../avr/lib/avr5/libm.a(fp_pscA.o)
 .text          0x00000000000005d4        0x0 /usr/lib/gcc/avr/6.3.0/../../../../avr/lib/avr5/libm.a(fp_pscB.o)
 .text          0x00000000000005d4        0x0 /usr/lib/gcc/avr/6.3.0/../../../../avr/lib/avr5/libm.a(fp_round.o)
 .text          0x00000000000005d4        0x0 /usr/lib/gcc/avr/6.3.0/../../../../avr/lib/avr5/libm.a(fp_split3.o)
 .text          0x00000000000005d4        0x0 /usr/lib/gcc/avr/6.3.0/../../../../avr/lib/avr5/libm.a(fp_zero.o)
 .text          0x00000000000005d4        0x0 /usr/lib/gcc/avr/6.3.0/../../../../avr/lib/avr5/libm.a(pow.o)
 .text          0x00000000000005d4        0x0 /usr/lib/gcc/avr/6.3.0/../../../../avr/lib/avr5/libm.a(round.o)
 .text          0x00000000000005d4        0x0 /usr/lib/gcc/avr/6.3.0/../../../../avr/lib/avr5/libm.a(exp.o)
 .text          0x00000000000005d4        0x0 /usr/lib/gcc/avr/6.3.0/../../../../avr/lib/avr5/libm.a(fp_mintl.o)
 .text          0x00000000000005d4        0x0 /usr/lib/gcc/avr/6.3.0/../../../../avr/lib/avr5/libm.a(fp_mpack.o)
 .text          0x00000000000005d4        0x0 /usr/lib/gcc/avr/6.3.0/../../../../avr/lib/avr5/libm.a(fp_powser.o)
 .text          0x00000000000005d4        0x0 /usr/lib/gcc/avr/6.3.0/../../../../avr/lib/avr5/libm.a(inverse.o)
 .text          0x00000000000005d4        0x0 /usr/lib/gcc/avr/6.3.0/../../../../avr/lib/avr5/libm.a(ldexp.o)
 .text          0x00000000000005d4        0x0 /usr/lib/gcc/avr/6.3.0/../../../../avr/lib/avr5/libm.a(log.o)
 .text          0x00000000000005d4        0x0 /usr/lib/gcc/avr/6.3.0/../../../../avr/lib/avr5/libm.a(modf.o)
 .text          0x00000000000005d4        0x0 /usr/lib/gcc/avr/6.3.0/../../../../avr/lib/avr5/libm.a(mulsf3.o)
 .text          0x00000000000005d4        0x0 /usr/lib/gcc/avr/6.3.0/../../../../avr/lib/avr5/libm.a(mulsf3x.o)
 .text          0x00000000000005d4        0x0 /usr/lib/gcc/avr/6.3.0/../../../../avr/lib/avr5/libm.a(addsf3.o)
 .text          0x00000000000005d4        0x0 /usr/lib/gcc/avr/6.3.0/../../../../avr/lib/avr5/libm.a(addsf3x.o)
 .text          0x00000000000005d4       0x58 ../fichiers/mylib.a(can.o)
                0x00000000000005d4                _ZN3canC2Ev
                0x00000000000005d4                _ZN3canC1Ev
                0x00000000000005e0                _ZN3canD1Ev
                0x00000000000005e0                _ZN3canD2Ev
                0x00000000000005e6                _ZN3can7lectureEh
 .text          0x000000000000062c      0x13c ../fichiers/mylib.a(lumiereDel.o)
                0x000000000000062c                _ZN10lumiereDelC1Ev
                0x000000000000062c                _ZN10lumiereDelC2Ev
                0x0000000000000634                _ZN10lumiereDelC2Ec
                0x0000000000000634                _ZN10lumiereDelC1Ec
                0x000000000000064e                _ZN10lumiereDelD1Ev
                0x000000000000064e                _ZN10lumiereDelD2Ev
                0x0000000000000650                _ZN10lumiereDel11activateRedEv
                0x000000000000067c                _ZN10lumiereDel13activateGreenEv
                0x00000000000006a8                _ZN10lumiereDel13activateAmbreEv
                0x0000000000000744                _ZN10lumiereDel15activateNeutralEv
 .text          0x0000000000000768       0xac ../fichiers/mylib.a(roues.o)
                0x0000000000000768                _ZN5roues13ajustementPWMEhh
                0x0000000000000796                _ZN5roues15activateReverseEch
                0x00000000000007be                _ZN5roues15activateForwardEch
                0x00000000000007e0                _ZN5roues15activateNeutralEv
                0x00000000000007e8                _ZN5roues19activateBothForwardEh
 .text          0x0000000000000814       0x3a ../fichiers/mylib.a(son.o)
                0x0000000000000814                _ZN3sonC1Ev
                0x0000000000000814                _ZN3sonC2Ev
                0x0000000000000816                _ZN3sonD1Ev
                0x0000000000000816                _ZN3sonD2Ev
                0x0000000000000818                _ZN3son16ajustementPWMSonEh
                0x0000000000000828                _ZN3son17initialisationSonEv
                0x000000000000082e                _ZN3son13jouerSonoriteEh
                0x000000000000084a                _ZN3son10arreterSonEv
 .text          0x000000000000084e       0x32 ../fichiers/mylib.a(capteurDistance.o)
                0x000000000000084e                _ZN15capteurDistance13lireDetecteurEv
                0x0000000000000870                _ZN15capteurDistance17obtenirCoteGaucheEv
                0x0000000000000878                _ZN15capteurDistance16obtenirCoteDroitEv
 .text          0x0000000000000880        0x0 /usr/lib/gcc/avr/6.3.0/avr5/libgcc.a(_exit.o)
 .text          0x0000000000000880        0x0 /usr/lib/gcc/avr/6.3.0/avr5/libgcc.a(_copy_data.o)
 .text          0x0000000000000880        0x0 /usr/lib/gcc/avr/6.3.0/avr5/libgcc.a(_clear_bss.o)
 .text          0x0000000000000880        0x0 /usr/lib/gcc/avr/6.3.0/avr5/libgcc.a(_ctors.o)
 .text          0x0000000000000880        0x0 /usr/lib/gcc/avr/6.3.0/avr5/libgcc.a(_dtors.o)
 .text          0x0000000000000880        0x0 /usr/lib/gcc/avr/6.3.0/avr5/libgcc.a(_tablejump2.o)
                0x0000000000000880                . = ALIGN (0x2)
 *(.text.*)
 .text.startup  0x0000000000000880      0x170 testerCapteur.o
                0x0000000000000880                main
 .text.exit     0x00000000000009f0       0x20 testerCapteur.o
 .text.avr-libc.fplib
                0x0000000000000a10        0xa /usr/lib/gcc/avr/6.3.0/../../../../avr/lib/avr5/libm.a(cmpsf2.o)
                0x0000000000000a10                __lesf2
                0x0000000000000a10                __nesf2
                0x0000000000000a10                __eqsf2
                0x0000000000000a10                __cmpsf2
                0x0000000000000a10                __ltsf2
 .text.avr-libc.fplib
                0x0000000000000a1a        0x8 /usr/lib/gcc/avr/6.3.0/../../../../avr/lib/avr5/libm.a(divsf3.o)
                0x0000000000000a1a                __divsf3
 .text.avr-libc.fplib
                0x0000000000000a22       0xdc /usr/lib/gcc/avr/6.3.0/../../../../avr/lib/avr5/libm.a(divsf3x.o)
                0x0000000000000a42                __divsf3x
                0x0000000000000a48                __divsf3_pse
 .text.avr-libc.fplib
                0x0000000000000afe       0x5e /usr/lib/gcc/avr/6.3.0/../../../../avr/lib/avr5/libm.a(fixunssfsi.o)
                0x0000000000000afe                __fixunssfsi
 .text.avr-libc.fplib
                0x0000000000000b5c       0x7a /usr/lib/gcc/avr/6.3.0/../../../../avr/lib/avr5/libm.a(floatsisf.o)
                0x0000000000000b5c                __floatunsisf
                0x0000000000000b60                __floatsisf
 .text.avr-libc.fplib
                0x0000000000000bd6       0x48 /usr/lib/gcc/avr/6.3.0/../../../../avr/lib/avr5/libm.a(fp_cmp.o)
                0x0000000000000bd6                __fp_cmp
 .text.avr-libc.fplib
                0x0000000000000c1e        0xc /usr/lib/gcc/avr/6.3.0/../../../../avr/lib/avr5/libm.a(fp_inf.o)
                0x0000000000000c1e                __fp_inf
 .text.avr-libc.fplib
                0x0000000000000c2a        0x6 /usr/lib/gcc/avr/6.3.0/../../../../avr/lib/avr5/libm.a(fp_nan.o)
                0x0000000000000c2a                __fp_nan
 .text.avr-libc.fplib
                0x0000000000000c30        0xe /usr/lib/gcc/avr/6.3.0/../../../../avr/lib/avr5/libm.a(fp_pscA.o)
                0x0000000000000c30                __fp_pscA
 .text.avr-libc.fplib
                0x0000000000000c3e        0xe /usr/lib/gcc/avr/6.3.0/../../../../avr/lib/avr5/libm.a(fp_pscB.o)
                0x0000000000000c3e                __fp_pscB
 .text.avr-libc.fplib
                0x0000000000000c4c       0x22 /usr/lib/gcc/avr/6.3.0/../../../../avr/lib/avr5/libm.a(fp_round.o)
                0x0000000000000c4c                __fp_round
 .text.avr-libc.fplib
                0x0000000000000c6e       0x44 /usr/lib/gcc/avr/6.3.0/../../../../avr/lib/avr5/libm.a(fp_split3.o)
                0x0000000000000c6e                __fp_split3
                0x0000000000000c7e                __fp_splitA
 .text.avr-libc.fplib
                0x0000000000000cb2        0xe /usr/lib/gcc/avr/6.3.0/../../../../avr/lib/avr5/libm.a(fp_zero.o)
                0x0000000000000cb2                __fp_zero
                0x0000000000000cb4                __fp_szero
 .text.avr-libc.fplib
                0x0000000000000cc0       0xa0 /usr/lib/gcc/avr/6.3.0/../../../../avr/lib/avr5/libm.a(pow.o)
                0x0000000000000cc0                pow
 .text.avr-libc.fplib
                0x0000000000000d60       0x48 /usr/lib/gcc/avr/6.3.0/../../../../avr/lib/avr5/libm.a(round.o)
                0x0000000000000d60                round
 .text.avr-libc.fplib
                0x0000000000000da8       0x74 /usr/lib/gcc/avr/6.3.0/../../../../avr/lib/avr5/libm.a(exp.o)
                0x0000000000000db8                exp
 .text.avr-libc.fplib
                0x0000000000000e1c       0x36 /usr/lib/gcc/avr/6.3.0/../../../../avr/lib/avr5/libm.a(fp_mintl.o)
                0x0000000000000e1c                __fp_mintl
 .text.avr-libc.fplib
                0x0000000000000e52       0x1c /usr/lib/gcc/avr/6.3.0/../../../../avr/lib/avr5/libm.a(fp_mpack.o)
                0x0000000000000e52                __fp_mpack
                0x0000000000000e56                __fp_mpack_finite
 .text.avr-libc.fplib
                0x0000000000000e6e       0x4e /usr/lib/gcc/avr/6.3.0/../../../../avr/lib/avr5/libm.a(fp_powser.o)
                0x0000000000000e6e                __fp_powser
 .text.avr-libc.fplib
                0x0000000000000ebc       0x10 /usr/lib/gcc/avr/6.3.0/../../../../avr/lib/avr5/libm.a(inverse.o)
                0x0000000000000ebc                inverse
 .text.avr-libc.fplib
                0x0000000000000ecc       0x74 /usr/lib/gcc/avr/6.3.0/../../../../avr/lib/avr5/libm.a(ldexp.o)
                0x0000000000000ed4                ldexp
 .text.avr-libc.fplib
                0x0000000000000f40       0xa0 /usr/lib/gcc/avr/6.3.0/../../../../avr/lib/avr5/libm.a(log.o)
                0x0000000000000f50                log
 .text.avr-libc.fplib
                0x0000000000000fe0       0x68 /usr/lib/gcc/avr/6.3.0/../../../../avr/lib/avr5/libm.a(modf.o)
                0x0000000000000fe0                modff
                0x0000000000000fe0                modf
 .text.avr-libc.fplib
                0x0000000000001048        0x8 /usr/lib/gcc/avr/6.3.0/../../../../avr/lib/avr5/libm.a(mulsf3.o)
                0x0000000000001048                __mulsf3
 .text.avr-libc.fplib
                0x0000000000001050       0xd2 /usr/lib/gcc/avr/6.3.0/../../../../avr/lib/avr5/libm.a(mulsf3x.o)
                0x000000000000106e                __mulsf3x
                0x0000000000001074                __mulsf3_pse
 .text.avr-libc.fplib
                0x0000000000001122        0xe /usr/lib/gcc/avr/6.3.0/../../../../avr/lib/avr5/libm.a(addsf3.o)
                0x0000000000001122                __subsf3
                0x0000000000001124                __addsf3
 .text.avr-libc.fplib
                0x0000000000001130       0xcc /usr/lib/gcc/avr/6.3.0/../../../../avr/lib/avr5/libm.a(addsf3x.o)
                0x0000000000001152                __addsf3x
 .text.libgcc.mul
                0x00000000000011fc        0x0 /usr/lib/gcc/avr/6.3.0/avr5/libgcc.a(_exit.o)
 .text.libgcc.div
                0x00000000000011fc        0x0 /usr/lib/gcc/avr/6.3.0/avr5/libgcc.a(_exit.o)
 .text.libgcc   0x00000000000011fc        0x0 /usr/lib/gcc/avr/6.3.0/avr5/libgcc.a(_exit.o)
 .text.libgcc.prologue
                0x00000000000011fc        0x0 /usr/lib/gcc/avr/6.3.0/avr5/libgcc.a(_exit.o)
 .text.libgcc.builtins
                0x00000000000011fc        0x0 /usr/lib/gcc/avr/6.3.0/avr5/libgcc.a(_exit.o)
 .text.libgcc.fmul
                0x00000000000011fc        0x0 /usr/lib/gcc/avr/6.3.0/avr5/libgcc.a(_exit.o)
 .text.libgcc.fixed
                0x00000000000011fc        0x0 /usr/lib/gcc/avr/6.3.0/avr5/libgcc.a(_exit.o)
 .text.libgcc.mul
                0x00000000000011fc        0x0 /usr/lib/gcc/avr/6.3.0/avr5/libgcc.a(_copy_data.o)
 .text.libgcc.div
                0x00000000000011fc        0x0 /usr/lib/gcc/avr/6.3.0/avr5/libgcc.a(_copy_data.o)
 .text.libgcc   0x00000000000011fc        0x0 /usr/lib/gcc/avr/6.3.0/avr5/libgcc.a(_copy_data.o)
 .text.libgcc.prologue
                0x00000000000011fc        0x0 /usr/lib/gcc/avr/6.3.0/avr5/libgcc.a(_copy_data.o)
 .text.libgcc.builtins
                0x00000000000011fc        0x0 /usr/lib/gcc/avr/6.3.0/avr5/libgcc.a(_copy_data.o)
 .text.libgcc.fmul
                0x00000000000011fc        0x0 /usr/lib/gcc/avr/6.3.0/avr5/libgcc.a(_copy_data.o)
 .text.libgcc.fixed
                0x00000000000011fc        0x0 /usr/lib/gcc/avr/6.3.0/avr5/libgcc.a(_copy_data.o)
 .text.libgcc.mul
                0x00000000000011fc        0x0 /usr/lib/gcc/avr/6.3.0/avr5/libgcc.a(_clear_bss.o)
 .text.libgcc.div
                0x00000000000011fc        0x0 /usr/lib/gcc/avr/6.3.0/avr5/libgcc.a(_clear_bss.o)
 .text.libgcc   0x00000000000011fc        0x0 /usr/lib/gcc/avr/6.3.0/avr5/libgcc.a(_clear_bss.o)
 .text.libgcc.prologue
                0x00000000000011fc        0x0 /usr/lib/gcc/avr/6.3.0/avr5/libgcc.a(_clear_bss.o)
 .text.libgcc.builtins
                0x00000000000011fc        0x0 /usr/lib/gcc/avr/6.3.0/avr5/libgcc.a(_clear_bss.o)
 .text.libgcc.fmul
                0x00000000000011fc        0x0 /usr/lib/gcc/avr/6.3.0/avr5/libgcc.a(_clear_bss.o)
 .text.libgcc.fixed
                0x00000000000011fc        0x0 /usr/lib/gcc/avr/6.3.0/avr5/libgcc.a(_clear_bss.o)
 .text.libgcc.mul
                0x00000000000011fc        0x0 /usr/lib/gcc/avr/6.3.0/avr5/libgcc.a(_ctors.o)
 .text.libgcc.div
                0x00000000000011fc        0x0 /usr/lib/gcc/avr/6.3.0/avr5/libgcc.a(_ctors.o)
 .text.libgcc   0x00000000000011fc        0x0 /usr/lib/gcc/avr/6.3.0/avr5/libgcc.a(_ctors.o)
 .text.libgcc.prologue
                0x00000000000011fc        0x0 /usr/lib/gcc/avr/6.3.0/avr5/libgcc.a(_ctors.o)
 .text.libgcc.builtins
                0x00000000000011fc        0x0 /usr/lib/gcc/avr/6.3.0/avr5/libgcc.a(_ctors.o)
 .text.libgcc.fmul
                0x00000000000011fc        0x0 /usr/lib/gcc/avr/6.3.0/avr5/libgcc.a(_ctors.o)
 .text.libgcc.fixed
                0x00000000000011fc        0x0 /usr/lib/gcc/avr/6.3.0/avr5/libgcc.a(_ctors.o)
 .text.libgcc.mul
                0x00000000000011fc        0x0 /usr/lib/gcc/avr/6.3.0/avr5/libgcc.a(_dtors.o)
 .text.libgcc.div
                0x00000000000011fc        0x0 /usr/lib/gcc/avr/6.3.0/avr5/libgcc.a(_dtors.o)
 .text.libgcc   0x00000000000011fc        0x0 /usr/lib/gcc/avr/6.3.0/avr5/libgcc.a(_dtors.o)
 .text.libgcc.prologue
                0x00000000000011fc        0x0 /usr/lib/gcc/avr/6.3.0/avr5/libgcc.a(_dtors.o)
 .text.libgcc.builtins
                0x00000000000011fc        0x0 /usr/lib/gcc/avr/6.3.0/avr5/libgcc.a(_dtors.o)
 .text.libgcc.fmul
                0x00000000000011fc        0x0 /usr/lib/gcc/avr/6.3.0/avr5/libgcc.a(_dtors.o)
 .text.libgcc.fixed
                0x00000000000011fc        0x0 /usr/lib/gcc/avr/6.3.0/avr5/libgcc.a(_dtors.o)
 .text.libgcc.mul
                0x00000000000011fc        0x0 /usr/lib/gcc/avr/6.3.0/avr5/libgcc.a(_tablejump2.o)
 .text.libgcc.div
                0x00000000000011fc        0x0 /usr/lib/gcc/avr/6.3.0/avr5/libgcc.a(_tablejump2.o)
 .text.libgcc   0x00000000000011fc        0xc /usr/lib/gcc/avr/6.3.0/avr5/libgcc.a(_tablejump2.o)
                0x00000000000011fc                __tablejump2__
 .text.libgcc.prologue
                0x0000000000001208        0x0 /usr/lib/gcc/avr/6.3.0/avr5/libgcc.a(_tablejump2.o)
 .text.libgcc.builtins
                0x0000000000001208        0x0 /usr/lib/gcc/avr/6.3.0/avr5/libgcc.a(_tablejump2.o)
 .text.libgcc.fmul
                0x0000000000001208        0x0 /usr/lib/gcc/avr/6.3.0/avr5/libgcc.a(_tablejump2.o)
 .text.libgcc.fixed
                0x0000000000001208        0x0 /usr/lib/gcc/avr/6.3.0/avr5/libgcc.a(_tablejump2.o)
                0x0000000000001208                . = ALIGN (0x2)
 *(.fini9)
 .fini9         0x0000000000001208        0x0 /usr/lib/gcc/avr/6.3.0/avr5/libgcc.a(_exit.o)
                0x0000000000001208                exit
                0x0000000000001208                _exit
 *(.fini9)
 *(.fini8)
 *(.fini8)
 *(.fini7)
 *(.fini7)
 *(.fini6)
 .fini6         0x0000000000001208       0x16 /usr/lib/gcc/avr/6.3.0/avr5/libgcc.a(_dtors.o)
                0x0000000000001208                __do_global_dtors
 *(.fini6)
 *(.fini5)
 *(.fini5)
 *(.fini4)
 *(.fini4)
 *(.fini3)
 *(.fini3)
 *(.fini2)
 *(.fini2)
 *(.fini1)
 *(.fini1)
 *(.fini0)
 .fini0         0x000000000000121e        0x4 /usr/lib/gcc/avr/6.3.0/avr5/libgcc.a(_exit.o)
 *(.fini0)
                0x0000000000001222                _etext = .

.data           0x0000000000800100       0x26 load address 0x0000000000001222
                0x0000000000800100                PROVIDE (__data_start, .)
 *(.data)
 .data          0x0000000000800100        0x0 /usr/lib/gcc/avr/6.3.0/../../../../avr/lib/avr5/crtatmega324pa.o
 .data          0x0000000000800100        0x1 testerCapteur.o
                0x0000000000800100                debut
 .data          0x0000000000800101        0x0 /usr/lib/gcc/avr/6.3.0/../../../../avr/lib/avr5/libm.a(cmpsf2.o)
 .data          0x0000000000800101        0x0 /usr/lib/gcc/avr/6.3.0/../../../../avr/lib/avr5/libm.a(divsf3.o)
 .data          0x0000000000800101        0x0 /usr/lib/gcc/avr/6.3.0/../../../../avr/lib/avr5/libm.a(divsf3x.o)
 .data          0x0000000000800101        0x0 /usr/lib/gcc/avr/6.3.0/../../../../avr/lib/avr5/libm.a(fixunssfsi.o)
 .data          0x0000000000800101        0x0 /usr/lib/gcc/avr/6.3.0/../../../../avr/lib/avr5/libm.a(floatsisf.o)
 .data          0x0000000000800101        0x0 /usr/lib/gcc/avr/6.3.0/../../../../avr/lib/avr5/libm.a(fp_cmp.o)
 .data          0x0000000000800101        0x0 /usr/lib/gcc/avr/6.3.0/../../../../avr/lib/avr5/libm.a(fp_inf.o)
 .data          0x0000000000800101        0x0 /usr/lib/gcc/avr/6.3.0/../../../../avr/lib/avr5/libm.a(fp_nan.o)
 .data          0x0000000000800101        0x0 /usr/lib/gcc/avr/6.3.0/../../../../avr/lib/avr5/libm.a(fp_pscA.o)
 .data          0x0000000000800101        0x0 /usr/lib/gcc/avr/6.3.0/../../../../avr/lib/avr5/libm.a(fp_pscB.o)
 .data          0x0000000000800101        0x0 /usr/lib/gcc/avr/6.3.0/../../../../avr/lib/avr5/libm.a(fp_round.o)
 .data          0x0000000000800101        0x0 /usr/lib/gcc/avr/6.3.0/../../../../avr/lib/avr5/libm.a(fp_split3.o)
 .data          0x0000000000800101        0x0 /usr/lib/gcc/avr/6.3.0/../../../../avr/lib/avr5/libm.a(fp_zero.o)
 .data          0x0000000000800101        0x0 /usr/lib/gcc/avr/6.3.0/../../../../avr/lib/avr5/libm.a(pow.o)
 .data          0x0000000000800101        0x0 /usr/lib/gcc/avr/6.3.0/../../../../avr/lib/avr5/libm.a(round.o)
 .data          0x0000000000800101        0x0 /usr/lib/gcc/avr/6.3.0/../../../../avr/lib/avr5/libm.a(exp.o)
 .data          0x0000000000800101        0x0 /usr/lib/gcc/avr/6.3.0/../../../../avr/lib/avr5/libm.a(fp_mintl.o)
 .data          0x0000000000800101        0x0 /usr/lib/gcc/avr/6.3.0/../../../../avr/lib/avr5/libm.a(fp_mpack.o)
 .data          0x0000000000800101        0x0 /usr/lib/gcc/avr/6.3.0/../../../../avr/lib/avr5/libm.a(fp_powser.o)
 .data          0x0000000000800101        0x0 /usr/lib/gcc/avr/6.3.0/../../../../avr/lib/avr5/libm.a(inverse.o)
 .data          0x0000000000800101        0x0 /usr/lib/gcc/avr/6.3.0/../../../../avr/lib/avr5/libm.a(ldexp.o)
 .data          0x0000000000800101        0x0 /usr/lib/gcc/avr/6.3.0/../../../../avr/lib/avr5/libm.a(log.o)
 .data          0x0000000000800101        0x0 /usr/lib/gcc/avr/6.3.0/../../../../avr/lib/avr5/libm.a(modf.o)
 .data          0x0000000000800101        0x0 /usr/lib/gcc/avr/6.3.0/../../../../avr/lib/avr5/libm.a(mulsf3.o)
 .data          0x0000000000800101        0x0 /usr/lib/gcc/avr/6.3.0/../../../../avr/lib/avr5/libm.a(mulsf3x.o)
 .data          0x0000000000800101        0x0 /usr/lib/gcc/avr/6.3.0/../../../../avr/lib/avr5/libm.a(addsf3.o)
 .data          0x0000000000800101        0x0 /usr/lib/gcc/avr/6.3.0/../../../../avr/lib/avr5/libm.a(addsf3x.o)
 .data          0x0000000000800101        0x0 ../fichiers/mylib.a(can.o)
 .data          0x0000000000800101        0x0 ../fichiers/mylib.a(lumiereDel.o)
 .data          0x0000000000800101        0x0 ../fichiers/mylib.a(roues.o)
 .data          0x0000000000800101        0x0 ../fichiers/mylib.a(son.o)
 .data          0x0000000000800101        0x0 ../fichiers/mylib.a(capteurDistance.o)
 .data          0x0000000000800101        0x0 /usr/lib/gcc/avr/6.3.0/avr5/libgcc.a(_exit.o)
 .data          0x0000000000800101        0x0 /usr/lib/gcc/avr/6.3.0/avr5/libgcc.a(_copy_data.o)
 .data          0x0000000000800101        0x0 /usr/lib/gcc/avr/6.3.0/avr5/libgcc.a(_clear_bss.o)
 .data          0x0000000000800101        0x0 /usr/lib/gcc/avr/6.3.0/avr5/libgcc.a(_ctors.o)
 .data          0x0000000000800101        0x0 /usr/lib/gcc/avr/6.3.0/avr5/libgcc.a(_dtors.o)
 .data          0x0000000000800101        0x0 /usr/lib/gcc/avr/6.3.0/avr5/libgcc.a(_tablejump2.o)
 *(.data*)
 *(.rodata)
 .rodata        0x0000000000800101       0x25 ../fichiers/mylib.a(son.o)
 *(.rodata*)
 *(.gnu.linkonce.d*)
                0x0000000000800126                . = ALIGN (0x2)
                0x0000000000800126                _edata = .
                0x0000000000800126                PROVIDE (__data_end, .)

.bss            0x0000000000800126       0x18
                0x0000000000800126                PROVIDE (__bss_start, .)
 *(.bss)
 .bss           0x0000000000800126        0x0 /usr/lib/gcc/avr/6.3.0/../../../../avr/lib/avr5/crtatmega324pa.o
 .bss           0x0000000000800126       0x18 testerCapteur.o
                0x0000000000800126                son
                0x0000000000800127                moteur
                0x0000000000800128                capteur
                0x000000000080012e                del
                0x000000000080012f                longueur
                0x0000000000800131                mur
                0x0000000000800132                etaitVideGauche
                0x0000000000800133                etaitVideDroit
                0x0000000000800134                videGauche
                0x0000000000800135                videDroit
                0x0000000000800136                valeurCMDroit
                0x0000000000800138                valeurCMGauche
                0x000000000080013a                valeurDroit
                0x000000000080013c                valeurGauche
 .bss           0x000000000080013e        0x0 /usr/lib/gcc/avr/6.3.0/../../../../avr/lib/avr5/libm.a(cmpsf2.o)
 .bss           0x000000000080013e        0x0 /usr/lib/gcc/avr/6.3.0/../../../../avr/lib/avr5/libm.a(divsf3.o)
 .bss           0x000000000080013e        0x0 /usr/lib/gcc/avr/6.3.0/../../../../avr/lib/avr5/libm.a(divsf3x.o)
 .bss           0x000000000080013e        0x0 /usr/lib/gcc/avr/6.3.0/../../../../avr/lib/avr5/libm.a(fixunssfsi.o)
 .bss           0x000000000080013e        0x0 /usr/lib/gcc/avr/6.3.0/../../../../avr/lib/avr5/libm.a(floatsisf.o)
 .bss           0x000000000080013e        0x0 /usr/lib/gcc/avr/6.3.0/../../../../avr/lib/avr5/libm.a(fp_cmp.o)
 .bss           0x000000000080013e        0x0 /usr/lib/gcc/avr/6.3.0/../../../../avr/lib/avr5/libm.a(fp_inf.o)
 .bss           0x000000000080013e        0x0 /usr/lib/gcc/avr/6.3.0/../../../../avr/lib/avr5/libm.a(fp_nan.o)
 .bss           0x000000000080013e        0x0 /usr/lib/gcc/avr/6.3.0/../../../../avr/lib/avr5/libm.a(fp_pscA.o)
 .bss           0x000000000080013e        0x0 /usr/lib/gcc/avr/6.3.0/../../../../avr/lib/avr5/libm.a(fp_pscB.o)
 .bss           0x000000000080013e        0x0 /usr/lib/gcc/avr/6.3.0/../../../../avr/lib/avr5/libm.a(fp_round.o)
 .bss           0x000000000080013e        0x0 /usr/lib/gcc/avr/6.3.0/../../../../avr/lib/avr5/libm.a(fp_split3.o)
 .bss           0x000000000080013e        0x0 /usr/lib/gcc/avr/6.3.0/../../../../avr/lib/avr5/libm.a(fp_zero.o)
 .bss           0x000000000080013e        0x0 /usr/lib/gcc/avr/6.3.0/../../../../avr/lib/avr5/libm.a(pow.o)
 .bss           0x000000000080013e        0x0 /usr/lib/gcc/avr/6.3.0/../../../../avr/lib/avr5/libm.a(round.o)
 .bss           0x000000000080013e        0x0 /usr/lib/gcc/avr/6.3.0/../../../../avr/lib/avr5/libm.a(exp.o)
 .bss           0x000000000080013e        0x0 /usr/lib/gcc/avr/6.3.0/../../../../avr/lib/avr5/libm.a(fp_mintl.o)
 .bss           0x000000000080013e        0x0 /usr/lib/gcc/avr/6.3.0/../../../../avr/lib/avr5/libm.a(fp_mpack.o)
 .bss           0x000000000080013e        0x0 /usr/lib/gcc/avr/6.3.0/../../../../avr/lib/avr5/libm.a(fp_powser.o)
 .bss           0x000000000080013e        0x0 /usr/lib/gcc/avr/6.3.0/../../../../avr/lib/avr5/libm.a(inverse.o)
 .bss           0x000000000080013e        0x0 /usr/lib/gcc/avr/6.3.0/../../../../avr/lib/avr5/libm.a(ldexp.o)
 .bss           0x000000000080013e        0x0 /usr/lib/gcc/avr/6.3.0/../../../../avr/lib/avr5/libm.a(log.o)
 .bss           0x000000000080013e        0x0 /usr/lib/gcc/avr/6.3.0/../../../../avr/lib/avr5/libm.a(modf.o)
 .bss           0x000000000080013e        0x0 /usr/lib/gcc/avr/6.3.0/../../../../avr/lib/avr5/libm.a(mulsf3.o)
 .bss           0x000000000080013e        0x0 /usr/lib/gcc/avr/6.3.0/../../../../avr/lib/avr5/libm.a(mulsf3x.o)
 .bss           0x000000000080013e        0x0 /usr/lib/gcc/avr/6.3.0/../../../../avr/lib/avr5/libm.a(addsf3.o)
 .bss           0x000000000080013e        0x0 /usr/lib/gcc/avr/6.3.0/../../../../avr/lib/avr5/libm.a(addsf3x.o)
 .bss           0x000000000080013e        0x0 ../fichiers/mylib.a(can.o)
 .bss           0x000000000080013e        0x0 ../fichiers/mylib.a(lumiereDel.o)
 .bss           0x000000000080013e        0x0 ../fichiers/mylib.a(roues.o)
 .bss           0x000000000080013e        0x0 ../fichiers/mylib.a(son.o)
 .bss           0x000000000080013e        0x0 ../fichiers/mylib.a(capteurDistance.o)
 .bss           0x000000000080013e        0x0 /usr/lib/gcc/avr/6.3.0/avr5/libgcc.a(_exit.o)
 .bss           0x000000000080013e        0x0 /usr/lib/gcc/avr/6.3.0/avr5/libgcc.a(_copy_data.o)
 .bss           0x000000000080013e        0x0 /usr/lib/gcc/avr/6.3.0/avr5/libgcc.a(_clear_bss.o)
 .bss           0x000000000080013e        0x0 /usr/lib/gcc/avr/6.3.0/avr5/libgcc.a(_ctors.o)
 .bss           0x000000000080013e        0x0 /usr/lib/gcc/avr/6.3.0/avr5/libgcc.a(_dtors.o)
 .bss           0x000000000080013e        0x0 /usr/lib/gcc/avr/6.3.0/avr5/libgcc.a(_tablejump2.o)
 *(.bss*)
 *(COMMON)
                0x000000000080013e                PROVIDE (__bss_end, .)
                0x0000000000001222                __data_load_start = LOADADDR (.data)
                0x0000000000001248                __data_load_end = (__data_load_start + SIZEOF (.data))

.noinit         0x000000000080013e        0x0
                [!provide]                        PROVIDE (__noinit_start, .)
 *(.noinit*)
                [!provide]                        PROVIDE (__noinit_end, .)
                0x000000000080013e                _end = .
                [!provide]                        PROVIDE (__heap_start, .)

.eeprom         0x0000000000810000        0x0
 *(.eeprom*)
                0x0000000000810000                __eeprom_end = .

.fuse
 *(.fuse)
 *(.lfuse)
 *(.hfuse)
 *(.efuse)

.lock
 *(.lock*)

.signature
 *(.signature*)

.stab           0x0000000000000000     0x39cc
 *(.stab)
 .stab          0x0000000000000000     0x10e0 testerCapteur.o
 .stab          0x00000000000010e0      0x630 ../fichiers/mylib.a(can.o)
                                        0x63c (size before relaxing)
 .stab          0x0000000000001710      0x9f0 ../fichiers/mylib.a(lumiereDel.o)
                                        0x9fc (size before relaxing)
 .stab          0x0000000000002100      0x798 ../fichiers/mylib.a(roues.o)
                                        0x7a4 (size before relaxing)
 .stab          0x0000000000002898      0x714 ../fichiers/mylib.a(son.o)
                                        0x720 (size before relaxing)
 .stab          0x0000000000002fac      0x5dc ../fichiers/mylib.a(capteurDistance.o)
                                        0x5e8 (size before relaxing)
 .stab          0x0000000000003588       0x6c /usr/lib/gcc/avr/6.3.0/avr5/libgcc.a(_exit.o)
                                         0x78 (size before relaxing)
 .stab          0x00000000000035f4       0xd8 /usr/lib/gcc/avr/6.3.0/avr5/libgcc.a(_copy_data.o)
                                         0xe4 (size before relaxing)
 .stab          0x00000000000036cc       0xb4 /usr/lib/gcc/avr/6.3.0/avr5/libgcc.a(_clear_bss.o)
                                         0xc0 (size before relaxing)
 .stab          0x0000000000003780       0xd8 /usr/lib/gcc/avr/6.3.0/avr5/libgcc.a(_ctors.o)
                                         0xe4 (size before relaxing)
 .stab          0x0000000000003858       0xd8 /usr/lib/gcc/avr/6.3.0/avr5/libgcc.a(_dtors.o)
                                         0xe4 (size before relaxing)
 .stab          0x0000000000003930       0x9c /usr/lib/gcc/avr/6.3.0/avr5/libgcc.a(_tablejump2.o)
                                         0xa8 (size before relaxing)

.stabstr        0x0000000000000000     0x2627
 *(.stabstr)
 .stabstr       0x0000000000000000     0x2627 testerCapteur.o

.stab.excl
 *(.stab.excl)

.stab.exclstr
 *(.stab.exclstr)

.stab.index
 *(.stab.index)

.stab.indexstr
 *(.stab.indexstr)

.comment        0x0000000000000000       0x21
 *(.comment)
 .comment       0x0000000000000000       0x21 testerCapteur.o
                                         0x22 (size before relaxing)
 .comment       0x0000000000000021       0x22 ../fichiers/mylib.a(can.o)
 .comment       0x0000000000000021       0x22 ../fichiers/mylib.a(lumiereDel.o)
 .comment       0x0000000000000021       0x22 ../fichiers/mylib.a(roues.o)
 .comment       0x0000000000000021       0x22 ../fichiers/mylib.a(son.o)
 .comment       0x0000000000000021       0x22 ../fichiers/mylib.a(capteurDistance.o)

.note.gnu.avr.deviceinfo
                0x0000000000000000       0x40
 .note.gnu.avr.deviceinfo
                0x0000000000000000       0x40 /usr/lib/gcc/avr/6.3.0/../../../../avr/lib/avr5/crtatmega324pa.o

.note.gnu.build-id
 *(.note.gnu.build-id)

.debug
 *(.debug)

.line
 *(.line)

.debug_srcinfo
 *(.debug_srcinfo)

.debug_sfnames
 *(.debug_sfnames)

.debug_aranges
 *(.debug_aranges)

.debug_pubnames
 *(.debug_pubnames)

.debug_info     0x0000000000000000      0x6cc
 *(.debug_info .gnu.linkonce.wi.*)
 .debug_info    0x0000000000000000      0x6cc /usr/lib/gcc/avr/6.3.0/../../../../avr/lib/avr5/crtatmega324pa.o

.debug_abbrev   0x0000000000000000      0x66e
 *(.debug_abbrev)
 .debug_abbrev  0x0000000000000000      0x66e /usr/lib/gcc/avr/6.3.0/../../../../avr/lib/avr5/crtatmega324pa.o

.debug_line     0x0000000000000000       0x1d
 *(.debug_line .debug_line.* .debug_line_end)
 .debug_line    0x0000000000000000       0x1d /usr/lib/gcc/avr/6.3.0/../../../../avr/lib/avr5/crtatmega324pa.o

.debug_frame
 *(.debug_frame)

.debug_str      0x0000000000000000      0x255
 *(.debug_str)
 .debug_str     0x0000000000000000      0x255 /usr/lib/gcc/avr/6.3.0/../../../../avr/lib/avr5/crtatmega324pa.o

.debug_loc
 *(.debug_loc)

.debug_macinfo
 *(.debug_macinfo)

.debug_weaknames
 *(.debug_weaknames)

.debug_funcnames
 *(.debug_funcnames)

.debug_typenames
 *(.debug_typenames)

.debug_varnames
 *(.debug_varnames)

.debug_pubtypes
 *(.debug_pubtypes)

.debug_ranges
 *(.debug_ranges)

.debug_macro
 *(.debug_macro)
OUTPUT(test32bits.out elf32-avr)
LOAD linker stubs
